ILI9341.c:90:6:ILI9341_SPI_Init	16	static
ILI9341.c:96:6:ILI9341_SPI_Send	16	static
ILI9341.c:101:6:ILI9341_Write_Command	16	static
ILI9341.c:109:6:ILI9341_Write_Data	16	static
ILI9341.c:118:6:ILI9341_Set_Address	24	static
ILI9341.c:135:6:ILI9341_Reset	8	static
ILI9341.c:144:6:ILI9341_Set_Rotation	24	static
ILI9341.c:179:6:ILI9341_Enable	8	static
ILI9341.c:184:6:ILI9341_Init	16	static
ILI9341.c:322:6:ILI9341_Draw_Colour	24	static
ILI9341.c:333:6:ILI9341_Draw_Colour_Burst	64	dynamic
ILI9341.c:376:6:ILI9341_Fill_Screen	16	static
ILI9341.c:388:6:ILI9341_Draw_Pixel	32	static
ILI9341.c:439:6:ILI9341_Draw_Rectangle	24	static
ILI9341.c:455:6:ILI9341_Draw_Horizontal_Line	24	static
ILI9341.c:467:6:ILI9341_Draw_Vertical_Line	24	static
