Archive member included to satisfy reference by file (symbol)

c:/st/stm32cubeide_1.4.0/stm32cubeide/plugins/com.st.stm32cube.ide.mcu.externaltools.gnu-tools-for-stm32.7-2018-q2-update.win32_1.4.0.202007081208/tools/bin/../lib/gcc/arm-none-eabi/7.3.1/../../../../arm-none-eabi/lib/thumb/v7e-m/fpv5/hard\libc_nano.a(lib_a-errno.o)
                              Core/Src/syscalls.o (__errno)
c:/st/stm32cubeide_1.4.0/stm32cubeide/plugins/com.st.stm32cube.ide.mcu.externaltools.gnu-tools-for-stm32.7-2018-q2-update.win32_1.4.0.202007081208/tools/bin/../lib/gcc/arm-none-eabi/7.3.1/../../../../arm-none-eabi/lib/thumb/v7e-m/fpv5/hard\libc_nano.a(lib_a-exit.o)
                              c:/st/stm32cubeide_1.4.0/stm32cubeide/plugins/com.st.stm32cube.ide.mcu.externaltools.gnu-tools-for-stm32.7-2018-q2-update.win32_1.4.0.202007081208/tools/bin/../lib/gcc/arm-none-eabi/7.3.1/../../../../arm-none-eabi/lib/thumb/v7e-m/fpv5/hard/crt0.o (exit)
c:/st/stm32cubeide_1.4.0/stm32cubeide/plugins/com.st.stm32cube.ide.mcu.externaltools.gnu-tools-for-stm32.7-2018-q2-update.win32_1.4.0.202007081208/tools/bin/../lib/gcc/arm-none-eabi/7.3.1/../../../../arm-none-eabi/lib/thumb/v7e-m/fpv5/hard\libc_nano.a(lib_a-impure.o)
                              c:/st/stm32cubeide_1.4.0/stm32cubeide/plugins/com.st.stm32cube.ide.mcu.externaltools.gnu-tools-for-stm32.7-2018-q2-update.win32_1.4.0.202007081208/tools/bin/../lib/gcc/arm-none-eabi/7.3.1/../../../../arm-none-eabi/lib/thumb/v7e-m/fpv5/hard\libc_nano.a(lib_a-exit.o) (_global_impure_ptr)
c:/st/stm32cubeide_1.4.0/stm32cubeide/plugins/com.st.stm32cube.ide.mcu.externaltools.gnu-tools-for-stm32.7-2018-q2-update.win32_1.4.0.202007081208/tools/bin/../lib/gcc/arm-none-eabi/7.3.1/../../../../arm-none-eabi/lib/thumb/v7e-m/fpv5/hard\libc_nano.a(lib_a-init.o)
                              c:/st/stm32cubeide_1.4.0/stm32cubeide/plugins/com.st.stm32cube.ide.mcu.externaltools.gnu-tools-for-stm32.7-2018-q2-update.win32_1.4.0.202007081208/tools/bin/../lib/gcc/arm-none-eabi/7.3.1/../../../../arm-none-eabi/lib/thumb/v7e-m/fpv5/hard/crt0.o (__libc_init_array)
c:/st/stm32cubeide_1.4.0/stm32cubeide/plugins/com.st.stm32cube.ide.mcu.externaltools.gnu-tools-for-stm32.7-2018-q2-update.win32_1.4.0.202007081208/tools/bin/../lib/gcc/arm-none-eabi/7.3.1/../../../../arm-none-eabi/lib/thumb/v7e-m/fpv5/hard\libc_nano.a(lib_a-memset.o)
                              c:/st/stm32cubeide_1.4.0/stm32cubeide/plugins/com.st.stm32cube.ide.mcu.externaltools.gnu-tools-for-stm32.7-2018-q2-update.win32_1.4.0.202007081208/tools/bin/../lib/gcc/arm-none-eabi/7.3.1/../../../../arm-none-eabi/lib/thumb/v7e-m/fpv5/hard/crt0.o (memset)
c:/st/stm32cubeide_1.4.0/stm32cubeide/plugins/com.st.stm32cube.ide.mcu.externaltools.gnu-tools-for-stm32.7-2018-q2-update.win32_1.4.0.202007081208/tools/bin/../lib/gcc/arm-none-eabi/7.3.1/thumb/v7e-m/fpv5/hard\libgcc.a(_aeabi_uldivmod.o)
                              Drivers/STM32H7xx_HAL_Driver/Src/stm32h7xx_hal_uart.o (__aeabi_uldivmod)
c:/st/stm32cubeide_1.4.0/stm32cubeide/plugins/com.st.stm32cube.ide.mcu.externaltools.gnu-tools-for-stm32.7-2018-q2-update.win32_1.4.0.202007081208/tools/bin/../lib/gcc/arm-none-eabi/7.3.1/thumb/v7e-m/fpv5/hard\libgcc.a(_udivmoddi4.o)
                              c:/st/stm32cubeide_1.4.0/stm32cubeide/plugins/com.st.stm32cube.ide.mcu.externaltools.gnu-tools-for-stm32.7-2018-q2-update.win32_1.4.0.202007081208/tools/bin/../lib/gcc/arm-none-eabi/7.3.1/thumb/v7e-m/fpv5/hard\libgcc.a(_aeabi_uldivmod.o) (__udivmoddi4)
c:/st/stm32cubeide_1.4.0/stm32cubeide/plugins/com.st.stm32cube.ide.mcu.externaltools.gnu-tools-for-stm32.7-2018-q2-update.win32_1.4.0.202007081208/tools/bin/../lib/gcc/arm-none-eabi/7.3.1/thumb/v7e-m/fpv5/hard\libgcc.a(_dvmd_tls.o)
                              c:/st/stm32cubeide_1.4.0/stm32cubeide/plugins/com.st.stm32cube.ide.mcu.externaltools.gnu-tools-for-stm32.7-2018-q2-update.win32_1.4.0.202007081208/tools/bin/../lib/gcc/arm-none-eabi/7.3.1/thumb/v7e-m/fpv5/hard\libgcc.a(_aeabi_uldivmod.o) (__aeabi_ldiv0)

Allocating common symbols
Common symbol       size              file

huart3              0x8c              Core/Src/main.o
hi2c1               0x4c              Core/Src/main.o
hdma_dcmi           0x78              Core/Src/main.o
uwTick              0x4               Drivers/STM32H7xx_HAL_Driver/Src/stm32h7xx_hal.o
pFlash              0x1c              Drivers/STM32H7xx_HAL_Driver/Src/stm32h7xx_hal_flash.o
hdcmi               0x50              Core/Src/main.o
sp_hspi             0x4               Drivers/ILI9341_Serial/ILI9341.o
hspi1               0x88              Core/Src/main.o
htim2               0x4c              Core/Src/main.o

Discarded input sections

 .text          0x0000000000000000        0x0 c:/st/stm32cubeide_1.4.0/stm32cubeide/plugins/com.st.stm32cube.ide.mcu.externaltools.gnu-tools-for-stm32.7-2018-q2-update.win32_1.4.0.202007081208/tools/bin/../lib/gcc/arm-none-eabi/7.3.1/thumb/v7e-m/fpv5/hard/crti.o
[...]
Memory Configuration

Name             Origin             Length             Attributes
DTCMRAM          0x0000000020000000 0x0000000000020000 xrw
ITCMRAM          0x0000000000000000 0x0000000000010000 xrw
RAM_D1           0x0000000024000000 0x0000000000080000 xrw
RAM_D2           0x0000000030000000 0x0000000000048000 xrw
RAM_D3           0x0000000038000000 0x0000000000010000 xrw
FLASH            0x0000000008000000 0x0000000000200000 xr
*default*        0x0000000000000000 0xffffffffffffffff

Linker script and memory map

LOAD c:/st/stm32cubeide_1.4.0/stm32cubeide/plugins/com.st.stm32cube.ide.mcu.externaltools.gnu-tools-for-stm32.7-2018-q2-update.win32_1.4.0.202007081208/tools/bin/../lib/gcc/arm-none-eabi/7.3.1/thumb/v7e-m/fpv5/hard/crti.o
LOAD c:/st/stm32cubeide_1.4.0/stm32cubeide/plugins/com.st.stm32cube.ide.mcu.externaltools.gnu-tools-for-stm32.7-2018-q2-update.win32_1.4.0.202007081208/tools/bin/../lib/gcc/arm-none-eabi/7.3.1/thumb/v7e-m/fpv5/hard/crtbegin.o
LOAD c:/st/stm32cubeide_1.4.0/stm32cubeide/plugins/com.st.stm32cube.ide.mcu.externaltools.gnu-tools-for-stm32.7-2018-q2-update.win32_1.4.0.202007081208/tools/bin/../lib/gcc/arm-none-eabi/7.3.1/../../../../arm-none-eabi/lib/thumb/v7e-m/fpv5/hard/crt0.o
LOAD Core/Src/common.o
LOAD Core/Src/main.o
LOAD Core/Src/stm32h7xx_hal_msp.o
LOAD Core/Src/stm32h7xx_it.o
LOAD Core/Src/syscalls.o
LOAD Core/Src/sysmem.o
LOAD Core/Src/system_stm32h7xx.o
LOAD Core/Startup/startup_stm32h743zitx.o
LOAD Drivers/ILI9341_Serial/ILI9341.o
LOAD Drivers/ILI9341_Serial/ILI9341_GFX.o
LOAD Drivers/OV7670/OV7670.o
LOAD Drivers/STM32H7xx_HAL_Driver/Src/stm32h7xx_hal.o
LOAD Drivers/STM32H7xx_HAL_Driver/Src/stm32h7xx_hal_cortex.o
LOAD Drivers/STM32H7xx_HAL_Driver/Src/stm32h7xx_hal_dcmi.o
LOAD Drivers/STM32H7xx_HAL_Driver/Src/stm32h7xx_hal_dma.o
LOAD Drivers/STM32H7xx_HAL_Driver/Src/stm32h7xx_hal_dma_ex.o
LOAD Drivers/STM32H7xx_HAL_Driver/Src/stm32h7xx_hal_exti.o
LOAD Drivers/STM32H7xx_HAL_Driver/Src/stm32h7xx_hal_flash.o
LOAD Drivers/STM32H7xx_HAL_Driver/Src/stm32h7xx_hal_flash_ex.o
LOAD Drivers/STM32H7xx_HAL_Driver/Src/stm32h7xx_hal_gpio.o
LOAD Drivers/STM32H7xx_HAL_Driver/Src/stm32h7xx_hal_hsem.o
LOAD Drivers/STM32H7xx_HAL_Driver/Src/stm32h7xx_hal_i2c.o
LOAD Drivers/STM32H7xx_HAL_Driver/Src/stm32h7xx_hal_i2c_ex.o
LOAD Drivers/STM32H7xx_HAL_Driver/Src/stm32h7xx_hal_mdma.o
LOAD Drivers/STM32H7xx_HAL_Driver/Src/stm32h7xx_hal_pwr.o
LOAD Drivers/STM32H7xx_HAL_Driver/Src/stm32h7xx_hal_pwr_ex.o
LOAD Drivers/STM32H7xx_HAL_Driver/Src/stm32h7xx_hal_rcc.o
LOAD Drivers/STM32H7xx_HAL_Driver/Src/stm32h7xx_hal_rcc_ex.o
LOAD Drivers/STM32H7xx_HAL_Driver/Src/stm32h7xx_hal_spi.o
LOAD Drivers/STM32H7xx_HAL_Driver/Src/stm32h7xx_hal_spi_ex.o
LOAD Drivers/STM32H7xx_HAL_Driver/Src/stm32h7xx_hal_tim.o
LOAD Drivers/STM32H7xx_HAL_Driver/Src/stm32h7xx_hal_tim_ex.o
LOAD Drivers/STM32H7xx_HAL_Driver/Src/stm32h7xx_hal_uart.o
LOAD Drivers/STM32H7xx_HAL_Driver/Src/stm32h7xx_hal_uart_ex.o
START GROUP
LOAD c:/st/stm32cubeide_1.4.0/stm32cubeide/plugins/com.st.stm32cube.ide.mcu.externaltools.gnu-tools-for-stm32.7-2018-q2-update.win32_1.4.0.202007081208/tools/bin/../lib/gcc/arm-none-eabi/7.3.1/../../../../arm-none-eabi/lib/thumb/v7e-m/fpv5/hard\libc_nano.a
LOAD c:/st/stm32cubeide_1.4.0/stm32cubeide/plugins/com.st.stm32cube.ide.mcu.externaltools.gnu-tools-for-stm32.7-2018-q2-update.win32_1.4.0.202007081208/tools/bin/../lib/gcc/arm-none-eabi/7.3.1/../../../../arm-none-eabi/lib/thumb/v7e-m/fpv5/hard\libm.a
END GROUP
START GROUP
LOAD c:/st/stm32cubeide_1.4.0/stm32cubeide/plugins/com.st.stm32cube.ide.mcu.externaltools.gnu-tools-for-stm32.7-2018-q2-update.win32_1.4.0.202007081208/tools/bin/../lib/gcc/arm-none-eabi/7.3.1/thumb/v7e-m/fpv5/hard\libgcc.a
LOAD c:/st/stm32cubeide_1.4.0/stm32cubeide/plugins/com.st.stm32cube.ide.mcu.externaltools.gnu-tools-for-stm32.7-2018-q2-update.win32_1.4.0.202007081208/tools/bin/../lib/gcc/arm-none-eabi/7.3.1/../../../../arm-none-eabi/lib/thumb/v7e-m/fpv5/hard\libc_nano.a
END GROUP
START GROUP
LOAD c:/st/stm32cubeide_1.4.0/stm32cubeide/plugins/com.st.stm32cube.ide.mcu.externaltools.gnu-tools-for-stm32.7-2018-q2-update.win32_1.4.0.202007081208/tools/bin/../lib/gcc/arm-none-eabi/7.3.1/thumb/v7e-m/fpv5/hard\libgcc.a
LOAD c:/st/stm32cubeide_1.4.0/stm32cubeide/plugins/com.st.stm32cube.ide.mcu.externaltools.gnu-tools-for-stm32.7-2018-q2-update.win32_1.4.0.202007081208/tools/bin/../lib/gcc/arm-none-eabi/7.3.1/../../../../arm-none-eabi/lib/thumb/v7e-m/fpv5/hard\libc_nano.a
LOAD c:/st/stm32cubeide_1.4.0/stm32cubeide/plugins/com.st.stm32cube.ide.mcu.externaltools.gnu-tools-for-stm32.7-2018-q2-update.win32_1.4.0.202007081208/tools/bin/../lib/gcc/arm-none-eabi/7.3.1/../../../../arm-none-eabi/lib/thumb/v7e-m/fpv5/hard\libnosys.a
END GROUP
START GROUP
LOAD c:/st/stm32cubeide_1.4.0/stm32cubeide/plugins/com.st.stm32cube.ide.mcu.externaltools.gnu-tools-for-stm32.7-2018-q2-update.win32_1.4.0.202007081208/tools/bin/../lib/gcc/arm-none-eabi/7.3.1/thumb/v7e-m/fpv5/hard\libgcc.a
LOAD c:/st/stm32cubeide_1.4.0/stm32cubeide/plugins/com.st.stm32cube.ide.mcu.externaltools.gnu-tools-for-stm32.7-2018-q2-update.win32_1.4.0.202007081208/tools/bin/../lib/gcc/arm-none-eabi/7.3.1/../../../../arm-none-eabi/lib/thumb/v7e-m/fpv5/hard\libc_nano.a
LOAD c:/st/stm32cubeide_1.4.0/stm32cubeide/plugins/com.st.stm32cube.ide.mcu.externaltools.gnu-tools-for-stm32.7-2018-q2-update.win32_1.4.0.202007081208/tools/bin/../lib/gcc/arm-none-eabi/7.3.1/../../../../arm-none-eabi/lib/thumb/v7e-m/fpv5/hard\libnosys.a
END GROUP
LOAD c:/st/stm32cubeide_1.4.0/stm32cubeide/plugins/com.st.stm32cube.ide.mcu.externaltools.gnu-tools-for-stm32.7-2018-q2-update.win32_1.4.0.202007081208/tools/bin/../lib/gcc/arm-none-eabi/7.3.1/thumb/v7e-m/fpv5/hard/crtend.o
LOAD c:/st/stm32cubeide_1.4.0/stm32cubeide/plugins/com.st.stm32cube.ide.mcu.externaltools.gnu-tools-for-stm32.7-2018-q2-update.win32_1.4.0.202007081208/tools/bin/../lib/gcc/arm-none-eabi/7.3.1/thumb/v7e-m/fpv5/hard/crtn.o
                0x0000000024080000                _estack = (ORIGIN (RAM_D1) + LENGTH (RAM_D1))
                0x0000000000000200                _Min_Heap_Size = 0x200
                0x0000000000000400                _Min_Stack_Size = 0x400

.isr_vector     0x0000000008000000      0x298
                0x0000000008000000                . = ALIGN (0x4)
 *(.isr_vector)
 .isr_vector    0x0000000008000000      0x298 Core/Startup/startup_stm32h743zitx.o
                0x0000000008000000                g_pfnVectors
                0x0000000008000298                . = ALIGN (0x4)

.text           0x0000000008000298     0xa958
                0x0000000008000298                . = ALIGN (0x4)
 *(.text)
 .text          0x0000000008000298       0x40 c:/st/stm32cubeide_1.4.0/stm32cubeide/plugins/com.st.stm32cube.ide.mcu.externaltools.gnu-tools-for-stm32.7-2018-q2-update.win32_1.4.0.202007081208/tools/bin/../lib/gcc/arm-none-eabi/7.3.1/thumb/v7e-m/fpv5/hard/crtbegin.o
 .text          0x00000000080002d8       0x30 c:/st/stm32cubeide_1.4.0/stm32cubeide/plugins/com.st.stm32cube.ide.mcu.externaltools.gnu-tools-for-stm32.7-2018-q2-update.win32_1.4.0.202007081208/tools/bin/../lib/gcc/arm-none-eabi/7.3.1/thumb/v7e-m/fpv5/hard\libgcc.a(_aeabi_uldivmod.o)
                0x00000000080002d8                __aeabi_uldivmod
 .text          0x0000000008000308      0x2cc c:/st/stm32cubeide_1.4.0/stm32cubeide/plugins/com.st.stm32cube.ide.mcu.externaltools.gnu-tools-for-stm32.7-2018-q2-update.win32_1.4.0.202007081208/tools/bin/../lib/gcc/arm-none-eabi/7.3.1/thumb/v7e-m/fpv5/hard\libgcc.a(_udivmoddi4.o)
                0x0000000008000308                __udivmoddi4
 .text          0x00000000080005d4        0x4 c:/st/stm32cubeide_1.4.0/stm32cubeide/plugins/com.st.stm32cube.ide.mcu.externaltools.gnu-tools-for-stm32.7-2018-q2-update.win32_1.4.0.202007081208/tools/bin/../lib/gcc/arm-none-eabi/7.3.1/thumb/v7e-m/fpv5/hard\libgcc.a(_dvmd_tls.o)
                0x00000000080005d4                __aeabi_idiv0
                0x00000000080005d4                __aeabi_ldiv0
 *(.text*)
 .text.main     0x00000000080005d8       0xa0 Core/Src/main.o
                0x00000000080005d8                main
 .text.SystemClock_Config
                0x0000000008000678      0x180 Core/Src/main.o
                0x0000000008000678                SystemClock_Config
 .text.MX_DCMI_Init
                0x00000000080007f8       0x68 Core/Src/main.o
 .text.MX_I2C1_Init
                0x0000000008000860       0x80 Core/Src/main.o
 .text.MX_SPI1_Init
                0x00000000080008e0       0xac Core/Src/main.o
 .text.MX_TIM2_Init
                0x000000000800098c       0x98 Core/Src/main.o
 .text.MX_USART3_UART_Init
                0x0000000008000a24       0x98 Core/Src/main.o
 .text.MX_DMA_Init
                0x0000000008000abc       0x40 Core/Src/main.o
 .text.MX_GPIO_Init
                0x0000000008000afc      0x1e0 Core/Src/main.o
 .text.onFrameCallback
                0x0000000008000cdc       0x18 Core/Src/main.o
 .text.Error_Handler
                0x0000000008000cf4        0xe Core/Src/main.o
                0x0000000008000cf4                Error_Handler
 *fill*         0x0000000008000d02        0x2 
 .text.HAL_MspInit
                0x0000000008000d04       0x34 Core/Src/stm32h7xx_hal_msp.o
                0x0000000008000d04                HAL_MspInit
 .text.HAL_DCMI_MspInit
                0x0000000008000d38      0x218 Core/Src/stm32h7xx_hal_msp.o
                0x0000000008000d38                HAL_DCMI_MspInit
 .text.HAL_I2C_MspInit
                0x0000000008000f50       0x94 Core/Src/stm32h7xx_hal_msp.o
                0x0000000008000f50                HAL_I2C_MspInit
 .text.HAL_SPI_MspInit
                0x0000000008000fe4       0xd4 Core/Src/stm32h7xx_hal_msp.o
                0x0000000008000fe4                HAL_SPI_MspInit
 .text.HAL_TIM_Base_MspInit
                0x00000000080010b8       0x40 Core/Src/stm32h7xx_hal_msp.o
                0x00000000080010b8                HAL_TIM_Base_MspInit
 .text.HAL_UART_MspInit
                0x00000000080010f8       0x94 Core/Src/stm32h7xx_hal_msp.o
                0x00000000080010f8                HAL_UART_MspInit
 .text.NMI_Handler
                0x000000000800118c        0xe Core/Src/stm32h7xx_it.o
                0x000000000800118c                NMI_Handler
 .text.HardFault_Handler
                0x000000000800119a        0x6 Core/Src/stm32h7xx_it.o
                0x000000000800119a                HardFault_Handler
 .text.MemManage_Handler
                0x00000000080011a0        0x6 Core/Src/stm32h7xx_it.o
                0x00000000080011a0                MemManage_Handler
 .text.BusFault_Handler
                0x00000000080011a6        0x6 Core/Src/stm32h7xx_it.o
                0x00000000080011a6                BusFault_Handler
 .text.UsageFault_Handler
                0x00000000080011ac        0x6 Core/Src/stm32h7xx_it.o
                0x00000000080011ac                UsageFault_Handler
 .text.SVC_Handler
                0x00000000080011b2        0xe Core/Src/stm32h7xx_it.o
                0x00000000080011b2                SVC_Handler
 .text.DebugMon_Handler
                0x00000000080011c0        0xe Core/Src/stm32h7xx_it.o
                0x00000000080011c0                DebugMon_Handler
 .text.PendSV_Handler
                0x00000000080011ce        0xe Core/Src/stm32h7xx_it.o
                0x00000000080011ce                PendSV_Handler
 .text.SysTick_Handler
                0x00000000080011dc        0xc Core/Src/stm32h7xx_it.o
                0x00000000080011dc                SysTick_Handler
 .text.DMA1_Stream1_IRQHandler
                0x00000000080011e8       0x14 Core/Src/stm32h7xx_it.o
                0x00000000080011e8                DMA1_Stream1_IRQHandler
 .text.DCMI_IRQHandler
                0x00000000080011fc       0x14 Core/Src/stm32h7xx_it.o
                0x00000000080011fc                DCMI_IRQHandler
 .text.SystemInit
                0x0000000008001210      0x118 Core/Src/system_stm32h7xx.o
                0x0000000008001210                SystemInit
 .text.Reset_Handler
                0x0000000008001328       0x50 Core/Startup/startup_stm32h743zitx.o
                0x0000000008001328                Reset_Handler
 .text.Default_Handler
                0x0000000008001378        0x2 Core/Startup/startup_stm32h743zitx.o
                0x0000000008001378                RTC_Alarm_IRQHandler
                0x0000000008001378                EXTI2_IRQHandler
                0x0000000008001378                TIM8_CC_IRQHandler
                0x0000000008001378                HRTIM1_Master_IRQHandler
                0x0000000008001378                UART8_IRQHandler
                0x0000000008001378                SPI4_IRQHandler
                0x0000000008001378                TIM1_CC_IRQHandler
                0x0000000008001378                BDMA_Channel6_IRQHandler
                0x0000000008001378                DMA2_Stream5_IRQHandler
                0x0000000008001378                HRTIM1_FLT_IRQHandler
                0x0000000008001378                JPEG_IRQHandler
                0x0000000008001378                DMA1_Stream5_IRQHandler
                0x0000000008001378                BDMA_Channel1_IRQHandler
                0x0000000008001378                HRTIM1_TIMD_IRQHandler
                0x0000000008001378                TAMP_STAMP_IRQHandler
                0x0000000008001378                EXTI3_IRQHandler
                0x0000000008001378                LPTIM4_IRQHandler
                0x0000000008001378                TIM8_TRG_COM_TIM14_IRQHandler
                0x0000000008001378                LPTIM2_IRQHandler
                0x0000000008001378                DFSDM1_FLT1_IRQHandler
                0x0000000008001378                DMAMUX2_OVR_IRQHandler
                0x0000000008001378                TIM8_UP_TIM13_IRQHandler
                0x0000000008001378                I2C3_ER_IRQHandler
                0x0000000008001378                DFSDM1_FLT2_IRQHandler
                0x0000000008001378                MDMA_IRQHandler
                0x0000000008001378                LPTIM3_IRQHandler
                0x0000000008001378                HSEM1_IRQHandler
                0x0000000008001378                EXTI0_IRQHandler
                0x0000000008001378                I2C2_EV_IRQHandler
                0x0000000008001378                DMA1_Stream2_IRQHandler
                0x0000000008001378                FPU_IRQHandler
                0x0000000008001378                OTG_HS_WKUP_IRQHandler
                0x0000000008001378                FDCAN1_IT1_IRQHandler
                0x0000000008001378                LTDC_ER_IRQHandler
                0x0000000008001378                DMA2_Stream2_IRQHandler
                0x0000000008001378                HRTIM1_TIME_IRQHandler
                0x0000000008001378                SPI1_IRQHandler
                0x0000000008001378                TIM6_DAC_IRQHandler
                0x0000000008001378                HRTIM1_TIMC_IRQHandler
                0x0000000008001378                DMA2_Stream3_IRQHandler
                0x0000000008001378                SAI2_IRQHandler
                0x0000000008001378                DFSDM1_FLT3_IRQHandler
                0x0000000008001378                USART6_IRQHandler
                0x0000000008001378                TIM17_IRQHandler
                0x0000000008001378                USART3_IRQHandler
                0x0000000008001378                BDMA_Channel7_IRQHandler
                0x0000000008001378                LPTIM5_IRQHandler
                0x0000000008001378                UART5_IRQHandler
                0x0000000008001378                ADC3_IRQHandler
                0x0000000008001378                DMA2_Stream0_IRQHandler
                0x0000000008001378                TIM4_IRQHandler
                0x0000000008001378                BDMA_Channel2_IRQHandler
                0x0000000008001378                QUADSPI_IRQHandler
                0x0000000008001378                I2C1_EV_IRQHandler
                0x0000000008001378                DMA1_Stream6_IRQHandler
                0x0000000008001378                DMAMUX1_OVR_IRQHandler
                0x0000000008001378                TIM16_IRQHandler
                0x0000000008001378                UART4_IRQHandler
                0x0000000008001378                BDMA_Channel5_IRQHandler
                0x0000000008001378                TIM3_IRQHandler
                0x0000000008001378                RCC_IRQHandler
                0x0000000008001378                TIM8_BRK_TIM12_IRQHandler
                0x0000000008001378                TIM1_TRG_COM_IRQHandler
                0x0000000008001378                Default_Handler
                0x0000000008001378                ECC_IRQHandler
                0x0000000008001378                CEC_IRQHandler
                0x0000000008001378                EXTI15_10_IRQHandler
                0x0000000008001378                BDMA_Channel0_IRQHandler
                0x0000000008001378                ADC_IRQHandler
                0x0000000008001378                DMA1_Stream7_IRQHandler
                0x0000000008001378                HRTIM1_TIMA_IRQHandler
                0x0000000008001378                SPI5_IRQHandler
                0x0000000008001378                TIM7_IRQHandler
                0x0000000008001378                SDMMC1_IRQHandler
                0x0000000008001378                TIM5_IRQHandler
                0x0000000008001378                DMA2_Stream7_IRQHandler
                0x0000000008001378                TIM15_IRQHandler
                0x0000000008001378                PVD_AVD_IRQHandler
                0x0000000008001378                I2C3_EV_IRQHandler
                0x0000000008001378                EXTI9_5_IRQHandler
                0x0000000008001378                RTC_WKUP_IRQHandler
                0x0000000008001378                LTDC_IRQHandler
                0x0000000008001378                SAI3_IRQHandler
                0x0000000008001378                ETH_WKUP_IRQHandler
                0x0000000008001378                SPDIF_RX_IRQHandler
                0x0000000008001378                SPI2_IRQHandler
                0x0000000008001378                OTG_HS_EP1_IN_IRQHandler
                0x0000000008001378                DMA1_Stream0_IRQHandler
                0x0000000008001378                CRS_IRQHandler
                0x0000000008001378                EXTI4_IRQHandler
                0x0000000008001378                RNG_IRQHandler
                0x0000000008001378                HRTIM1_TIMB_IRQHandler
                0x0000000008001378                FDCAN2_IT1_IRQHandler
                0x0000000008001378                ETH_IRQHandler
                0x0000000008001378                TIM1_UP_IRQHandler
                0x0000000008001378                BDMA_Channel4_IRQHandler
                0x0000000008001378                OTG_HS_EP1_OUT_IRQHandler
                0x0000000008001378                WWDG_IRQHandler
                0x0000000008001378                SPI6_IRQHandler
                0x0000000008001378                MDIOS_IRQHandler
                0x0000000008001378                I2C4_EV_IRQHandler
                0x0000000008001378                FDCAN2_IT0_IRQHandler
                0x0000000008001378                LPUART1_IRQHandler
                0x0000000008001378                FDCAN1_IT0_IRQHandler
                0x0000000008001378                TIM2_IRQHandler
                0x0000000008001378                OTG_FS_WKUP_IRQHandler
                0x0000000008001378                OTG_HS_IRQHandler
                0x0000000008001378                DMA2D_IRQHandler
                0x0000000008001378                TIM1_BRK_IRQHandler
                0x0000000008001378                EXTI1_IRQHandler
                0x0000000008001378                SDMMC2_IRQHandler
                0x0000000008001378                OTG_FS_EP1_OUT_IRQHandler
                0x0000000008001378                BDMA_Channel3_IRQHandler
                0x0000000008001378                UART7_IRQHandler
                0x0000000008001378                MDIOS_WKUP_IRQHandler
                0x0000000008001378                USART2_IRQHandler
                0x0000000008001378                DFSDM1_FLT0_IRQHandler
                0x0000000008001378                SAI4_IRQHandler
                0x0000000008001378                I2C2_ER_IRQHandler
                0x0000000008001378                DMA2_Stream1_IRQHandler
                0x0000000008001378                FLASH_IRQHandler
                0x0000000008001378                DMA2_Stream4_IRQHandler
                0x0000000008001378                USART1_IRQHandler
                0x0000000008001378                OTG_FS_IRQHandler
                0x0000000008001378                SPI3_IRQHandler
                0x0000000008001378                WAKEUP_PIN_IRQHandler
                0x0000000008001378                DMA1_Stream4_IRQHandler
                0x0000000008001378                OTG_FS_EP1_IN_IRQHandler
                0x0000000008001378                I2C1_ER_IRQHandler
                0x0000000008001378                FMC_IRQHandler
                0x0000000008001378                FDCAN_CAL_IRQHandler
                0x0000000008001378                SWPMI1_IRQHandler
                0x0000000008001378                COMP1_IRQHandler
                0x0000000008001378                LPTIM1_IRQHandler
                0x0000000008001378                I2C4_ER_IRQHandler
                0x0000000008001378                DMA2_Stream6_IRQHandler
                0x0000000008001378                SAI1_IRQHandler
                0x0000000008001378                DMA1_Stream3_IRQHandler
 *fill*         0x000000000800137a        0x2 
 .text.ILI9341_SPI_Init
                0x000000000800137c       0x2c Drivers/ILI9341_Serial/ILI9341.o
                0x000000000800137c                ILI9341_SPI_Init
 .text.ILI9341_SPI_Send
                0x00000000080013a8       0x24 Drivers/ILI9341_Serial/ILI9341.o
                0x00000000080013a8                ILI9341_SPI_Send
 .text.ILI9341_Write_Command
                0x00000000080013cc       0x44 Drivers/ILI9341_Serial/ILI9341.o
                0x00000000080013cc                ILI9341_Write_Command
 .text.ILI9341_Write_Data
                0x0000000008001410       0x44 Drivers/ILI9341_Serial/ILI9341.o
                0x0000000008001410                ILI9341_Write_Data
 .text.ILI9341_Set_Address
                0x0000000008001454       0x98 Drivers/ILI9341_Serial/ILI9341.o
                0x0000000008001454                ILI9341_Set_Address
 .text.ILI9341_Reset
                0x00000000080014ec       0x3c Drivers/ILI9341_Serial/ILI9341.o
                0x00000000080014ec                ILI9341_Reset
 .text.ILI9341_Set_Rotation
                0x0000000008001528       0xa4 Drivers/ILI9341_Serial/ILI9341.o
                0x0000000008001528                ILI9341_Set_Rotation
 .text.ILI9341_Enable
                0x00000000080015cc       0x18 Drivers/ILI9341_Serial/ILI9341.o
                0x00000000080015cc                ILI9341_Enable
 .text.ILI9341_Init
                0x00000000080015e4      0x224 Drivers/ILI9341_Serial/ILI9341.o
                0x00000000080015e4                ILI9341_Init
 .text.ILI9341_Draw_Image_From_OV7670
                0x0000000008001808      0x118 Drivers/ILI9341_Serial/ILI9341_GFX.o
                0x0000000008001808                ILI9341_Draw_Image_From_OV7670
 .text.ov7670_init
                0x0000000008001920       0x74 Drivers/OV7670/OV7670.o
                0x0000000008001920                ov7670_init
 .text.ov7670_config
                0x0000000008001994       0x60 Drivers/OV7670/OV7670.o
                0x0000000008001994                ov7670_config
 .text.ov7670_startCap
                0x00000000080019f4       0x64 Drivers/OV7670/OV7670.o
                0x00000000080019f4                ov7670_startCap
 .text.ov7670_stopCap
                0x0000000008001a58       0x18 Drivers/OV7670/OV7670.o
                0x0000000008001a58                ov7670_stopCap
 .text.ov7670_registerCallback
                0x0000000008001a70       0x38 Drivers/OV7670/OV7670.o
                0x0000000008001a70                ov7670_registerCallback
 .text.HAL_DCMI_FrameEventCallback
                0x0000000008001aa8       0x60 Drivers/OV7670/OV7670.o
                0x0000000008001aa8                HAL_DCMI_FrameEventCallback
 .text.HAL_DCMI_VsyncEventCallback
                0x0000000008001b08       0x40 Drivers/OV7670/OV7670.o
                0x0000000008001b08                HAL_DCMI_VsyncEventCallback
 .text.ov7670_write
                0x0000000008001b48       0x40 Drivers/OV7670/OV7670.o
                0x0000000008001b48                ov7670_write
 .text.HAL_Init
                0x0000000008001b88       0x78 Drivers/STM32H7xx_HAL_Driver/Src/stm32h7xx_hal.o
                0x0000000008001b88                HAL_Init
 .text.HAL_InitTick
                0x0000000008001c00       0x6c Drivers/STM32H7xx_HAL_Driver/Src/stm32h7xx_hal.o
                0x0000000008001c00                HAL_InitTick
 .text.HAL_IncTick
                0x0000000008001c6c       0x28 Drivers/STM32H7xx_HAL_Driver/Src/stm32h7xx_hal.o
                0x0000000008001c6c                HAL_IncTick
 .text.HAL_GetTick
                0x0000000008001c94       0x18 Drivers/STM32H7xx_HAL_Driver/Src/stm32h7xx_hal.o
                0x0000000008001c94                HAL_GetTick
 .text.HAL_Delay
                0x0000000008001cac       0x44 Drivers/STM32H7xx_HAL_Driver/Src/stm32h7xx_hal.o
                0x0000000008001cac                HAL_Delay
 .text.HAL_GetREVID
                0x0000000008001cf0       0x18 Drivers/STM32H7xx_HAL_Driver/Src/stm32h7xx_hal.o
                0x0000000008001cf0                HAL_GetREVID
 .text.__NVIC_SetPriorityGrouping
                0x0000000008001d08       0x48 Drivers/STM32H7xx_HAL_Driver/Src/stm32h7xx_hal_cortex.o
 .text.__NVIC_GetPriorityGrouping
                0x0000000008001d50       0x1c Drivers/STM32H7xx_HAL_Driver/Src/stm32h7xx_hal_cortex.o
 .text.__NVIC_EnableIRQ
                0x0000000008001d6c       0x3c Drivers/STM32H7xx_HAL_Driver/Src/stm32h7xx_hal_cortex.o
 .text.__NVIC_SetPriority
                0x0000000008001da8       0x54 Drivers/STM32H7xx_HAL_Driver/Src/stm32h7xx_hal_cortex.o
 .text.NVIC_EncodePriority
                0x0000000008001dfc       0x66 Drivers/STM32H7xx_HAL_Driver/Src/stm32h7xx_hal_cortex.o
 *fill*         0x0000000008001e62        0x2 
 .text.SysTick_Config
                0x0000000008001e64       0x44 Drivers/STM32H7xx_HAL_Driver/Src/stm32h7xx_hal_cortex.o
 .text.HAL_NVIC_SetPriorityGrouping
                0x0000000008001ea8       0x16 Drivers/STM32H7xx_HAL_Driver/Src/stm32h7xx_hal_cortex.o
                0x0000000008001ea8                HAL_NVIC_SetPriorityGrouping
 .text.HAL_NVIC_SetPriority
                0x0000000008001ebe       0x34 Drivers/STM32H7xx_HAL_Driver/Src/stm32h7xx_hal_cortex.o
                0x0000000008001ebe                HAL_NVIC_SetPriority
 .text.HAL_NVIC_EnableIRQ
                0x0000000008001ef2       0x1c Drivers/STM32H7xx_HAL_Driver/Src/stm32h7xx_hal_cortex.o
                0x0000000008001ef2                HAL_NVIC_EnableIRQ
 .text.HAL_SYSTICK_Config
                0x0000000008001f0e       0x18 Drivers/STM32H7xx_HAL_Driver/Src/stm32h7xx_hal_cortex.o
                0x0000000008001f0e                HAL_SYSTICK_Config
 *fill*         0x0000000008001f26        0x2 
 .text.HAL_DCMI_Init
                0x0000000008001f28       0xf4 Drivers/STM32H7xx_HAL_Driver/Src/stm32h7xx_hal_dcmi.o
                0x0000000008001f28                HAL_DCMI_Init
 .text.HAL_DCMI_Start_DMA
                0x000000000800201c      0x184 Drivers/STM32H7xx_HAL_Driver/Src/stm32h7xx_hal_dcmi.o
                0x000000000800201c                HAL_DCMI_Start_DMA
 .text.HAL_DCMI_Stop
                0x00000000080021a0       0xc0 Drivers/STM32H7xx_HAL_Driver/Src/stm32h7xx_hal_dcmi.o
                0x00000000080021a0                HAL_DCMI_Stop
 .text.HAL_DCMI_IRQHandler
                0x0000000008002260      0x104 Drivers/STM32H7xx_HAL_Driver/Src/stm32h7xx_hal_dcmi.o
                0x0000000008002260                HAL_DCMI_IRQHandler
 .text.HAL_DCMI_ErrorCallback
                0x0000000008002364       0x14 Drivers/STM32H7xx_HAL_Driver/Src/stm32h7xx_hal_dcmi.o
                0x0000000008002364                HAL_DCMI_ErrorCallback
 .text.HAL_DCMI_LineEventCallback
                0x0000000008002378       0x14 Drivers/STM32H7xx_HAL_Driver/Src/stm32h7xx_hal_dcmi.o
                0x0000000008002378                HAL_DCMI_LineEventCallback
 .text.DCMI_DMAXferCplt
                0x000000000800238c      0x126 Drivers/STM32H7xx_HAL_Driver/Src/stm32h7xx_hal_dcmi.o
 .text.DCMI_DMAError
                0x00000000080024b2       0x3a Drivers/STM32H7xx_HAL_Driver/Src/stm32h7xx_hal_dcmi.o
 .text.HAL_DMA_Init
                0x00000000080024ec      0x6b8 Drivers/STM32H7xx_HAL_Driver/Src/stm32h7xx_hal_dma.o
                0x00000000080024ec                HAL_DMA_Init
 .text.HAL_DMA_Start_IT
                0x0000000008002ba4      0x4d4 Drivers/STM32H7xx_HAL_Driver/Src/stm32h7xx_hal_dma.o
                0x0000000008002ba4                HAL_DMA_Start_IT
 .text.HAL_DMA_Abort
                0x0000000008003078      0x63c Drivers/STM32H7xx_HAL_Driver/Src/stm32h7xx_hal_dma.o
                0x0000000008003078                HAL_DMA_Abort
 .text.HAL_DMA_Abort_IT
                0x00000000080036b4      0x488 Drivers/STM32H7xx_HAL_Driver/Src/stm32h7xx_hal_dma.o
                0x00000000080036b4                HAL_DMA_Abort_IT
 .text.HAL_DMA_IRQHandler
                0x0000000008003b3c      0xe54 Drivers/STM32H7xx_HAL_Driver/Src/stm32h7xx_hal_dma.o
                0x0000000008003b3c                HAL_DMA_IRQHandler
 .text.DMA_SetConfig
                0x0000000008004990      0x358 Drivers/STM32H7xx_HAL_Driver/Src/stm32h7xx_hal_dma.o
 .text.DMA_CalcBaseAndBitshift
                0x0000000008004ce8      0x164 Drivers/STM32H7xx_HAL_Driver/Src/stm32h7xx_hal_dma.o
 .text.DMA_CheckFifoParam
                0x0000000008004e4c       0xf8 Drivers/STM32H7xx_HAL_Driver/Src/stm32h7xx_hal_dma.o
 .text.DMA_CalcDMAMUXChannelBaseAndMask
                0x0000000008004f44      0x134 Drivers/STM32H7xx_HAL_Driver/Src/stm32h7xx_hal_dma.o
 .text.DMA_CalcDMAMUXRequestGenBaseAndMask
                0x0000000008005078       0xe8 Drivers/STM32H7xx_HAL_Driver/Src/stm32h7xx_hal_dma.o
 .text.HAL_DMAEx_MultiBufferStart_IT
                0x0000000008005160      0x6bc Drivers/STM32H7xx_HAL_Driver/Src/stm32h7xx_hal_dma_ex.o
                0x0000000008005160                HAL_DMAEx_MultiBufferStart_IT
 .text.HAL_DMAEx_ChangeMemory
                0x000000000800581c      0x138 Drivers/STM32H7xx_HAL_Driver/Src/stm32h7xx_hal_dma_ex.o
                0x000000000800581c                HAL_DMAEx_ChangeMemory
 .text.DMA_MultiBufferSetConfig
                0x0000000008005954      0x16c Drivers/STM32H7xx_HAL_Driver/Src/stm32h7xx_hal_dma_ex.o
 .text.HAL_GPIO_Init
                0x0000000008005ac0      0x360 Drivers/STM32H7xx_HAL_Driver/Src/stm32h7xx_hal_gpio.o
                0x0000000008005ac0                HAL_GPIO_Init
 .text.HAL_GPIO_ReadPin
                0x0000000008005e20       0x30 Drivers/STM32H7xx_HAL_Driver/Src/stm32h7xx_hal_gpio.o
                0x0000000008005e20                HAL_GPIO_ReadPin
 .text.HAL_GPIO_WritePin
                0x0000000008005e50       0x32 Drivers/STM32H7xx_HAL_Driver/Src/stm32h7xx_hal_gpio.o
                0x0000000008005e50                HAL_GPIO_WritePin
 *fill*         0x0000000008005e82        0x2 
 .text.HAL_I2C_Init
                0x0000000008005e84      0x120 Drivers/STM32H7xx_HAL_Driver/Src/stm32h7xx_hal_i2c.o
                0x0000000008005e84                HAL_I2C_Init
 .text.HAL_I2C_Mem_Write
                0x0000000008005fa4      0x228 Drivers/STM32H7xx_HAL_Driver/Src/stm32h7xx_hal_i2c.o
                0x0000000008005fa4                HAL_I2C_Mem_Write
 .text.I2C_RequestMemoryWrite
                0x00000000080061cc       0xa8 Drivers/STM32H7xx_HAL_Driver/Src/stm32h7xx_hal_i2c.o
 .text.I2C_Flush_TXDR
                0x0000000008006274       0x48 Drivers/STM32H7xx_HAL_Driver/Src/stm32h7xx_hal_i2c.o
 .text.I2C_WaitOnFlagUntilTimeout
                0x00000000080062bc       0x80 Drivers/STM32H7xx_HAL_Driver/Src/stm32h7xx_hal_i2c.o
 .text.I2C_WaitOnTXISFlagUntilTimeout
                0x000000000800633c       0x80 Drivers/STM32H7xx_HAL_Driver/Src/stm32h7xx_hal_i2c.o
 .text.I2C_WaitOnSTOPFlagUntilTimeout
                0x00000000080063bc       0x78 Drivers/STM32H7xx_HAL_Driver/Src/stm32h7xx_hal_i2c.o
 .text.I2C_IsAcknowledgeFailed
                0x0000000008006434       0xcc Drivers/STM32H7xx_HAL_Driver/Src/stm32h7xx_hal_i2c.o
 .text.I2C_TransferConfig
                0x0000000008006500       0x5c Drivers/STM32H7xx_HAL_Driver/Src/stm32h7xx_hal_i2c.o
 .text.HAL_I2CEx_ConfigAnalogFilter
                0x000000000800655c       0x96 Drivers/STM32H7xx_HAL_Driver/Src/stm32h7xx_hal_i2c_ex.o
                0x000000000800655c                HAL_I2CEx_ConfigAnalogFilter
 .text.HAL_I2CEx_ConfigDigitalFilter
                0x00000000080065f2       0x98 Drivers/STM32H7xx_HAL_Driver/Src/stm32h7xx_hal_i2c_ex.o
                0x00000000080065f2                HAL_I2CEx_ConfigDigitalFilter
 *fill*         0x000000000800668a        0x2 
 .text.HAL_PWREx_ConfigSupply
                0x000000000800668c       0x74 Drivers/STM32H7xx_HAL_Driver/Src/stm32h7xx_hal_pwr_ex.o
                0x000000000800668c                HAL_PWREx_ConfigSupply
 .text.HAL_RCC_OscConfig
                0x0000000008006700      0x820 Drivers/STM32H7xx_HAL_Driver/Src/stm32h7xx_hal_rcc.o
                0x0000000008006700                HAL_RCC_OscConfig
 .text.HAL_RCC_ClockConfig
                0x0000000008006f20      0x36c Drivers/STM32H7xx_HAL_Driver/Src/stm32h7xx_hal_rcc.o
                0x0000000008006f20                HAL_RCC_ClockConfig
 .text.HAL_RCC_MCOConfig
                0x000000000800728c       0xd4 Drivers/STM32H7xx_HAL_Driver/Src/stm32h7xx_hal_rcc.o
                0x000000000800728c                HAL_RCC_MCOConfig
 .text.HAL_RCC_GetSysClockFreq
                0x0000000008007360      0x2e4 Drivers/STM32H7xx_HAL_Driver/Src/stm32h7xx_hal_rcc.o
                0x0000000008007360                HAL_RCC_GetSysClockFreq
 .text.HAL_RCC_GetHCLKFreq
                0x0000000008007644       0x60 Drivers/STM32H7xx_HAL_Driver/Src/stm32h7xx_hal_rcc.o
                0x0000000008007644                HAL_RCC_GetHCLKFreq
 .text.HAL_RCC_GetPCLK1Freq
                0x00000000080076a4       0x2c Drivers/STM32H7xx_HAL_Driver/Src/stm32h7xx_hal_rcc.o
                0x00000000080076a4                HAL_RCC_GetPCLK1Freq
 .text.HAL_RCC_GetPCLK2Freq
                0x00000000080076d0       0x2c Drivers/STM32H7xx_HAL_Driver/Src/stm32h7xx_hal_rcc.o
                0x00000000080076d0                HAL_RCC_GetPCLK2Freq
 .text.HAL_RCCEx_PeriphCLKConfig
                0x00000000080076fc      0xddc Drivers/STM32H7xx_HAL_Driver/Src/stm32h7xx_hal_rcc_ex.o
                0x00000000080076fc                HAL_RCCEx_PeriphCLKConfig
 .text.HAL_RCCEx_GetD3PCLK1Freq
                0x00000000080084d8       0x2c Drivers/STM32H7xx_HAL_Driver/Src/stm32h7xx_hal_rcc_ex.o
                0x00000000080084d8                HAL_RCCEx_GetD3PCLK1Freq
 .text.HAL_RCCEx_GetPLL2ClockFreq
                0x0000000008008504      0x298 Drivers/STM32H7xx_HAL_Driver/Src/stm32h7xx_hal_rcc_ex.o
                0x0000000008008504                HAL_RCCEx_GetPLL2ClockFreq
 .text.HAL_RCCEx_GetPLL3ClockFreq
                0x000000000800879c      0x298 Drivers/STM32H7xx_HAL_Driver/Src/stm32h7xx_hal_rcc_ex.o
                0x000000000800879c                HAL_RCCEx_GetPLL3ClockFreq
 .text.RCCEx_PLL2_Config
                0x0000000008008a34      0x164 Drivers/STM32H7xx_HAL_Driver/Src/stm32h7xx_hal_rcc_ex.o
 .text.RCCEx_PLL3_Config
                0x0000000008008b98      0x164 Drivers/STM32H7xx_HAL_Driver/Src/stm32h7xx_hal_rcc_ex.o
 .text.HAL_SPI_Init
                0x0000000008008cfc      0x1f0 Drivers/STM32H7xx_HAL_Driver/Src/stm32h7xx_hal_spi.o
                0x0000000008008cfc                HAL_SPI_Init
 .text.HAL_SPI_Transmit
                0x0000000008008eec      0x3e4 Drivers/STM32H7xx_HAL_Driver/Src/stm32h7xx_hal_spi.o
                0x0000000008008eec                HAL_SPI_Transmit
 .text.SPI_CloseTransfer
                0x00000000080092d0      0x140 Drivers/STM32H7xx_HAL_Driver/Src/stm32h7xx_hal_spi.o
 .text.SPI_WaitOnFlagUntilTimeout
                0x0000000008009410       0x5c Drivers/STM32H7xx_HAL_Driver/Src/stm32h7xx_hal_spi.o
 .text.SPI_GetPacketSize
                0x000000000800946c       0x36 Drivers/STM32H7xx_HAL_Driver/Src/stm32h7xx_hal_spi.o
 .text.HAL_TIM_Base_Init
                0x00000000080094a2       0xae Drivers/STM32H7xx_HAL_Driver/Src/stm32h7xx_hal_tim.o
                0x00000000080094a2                HAL_TIM_Base_Init
 .text.HAL_TIM_ConfigClockSource
                0x0000000008009550      0x1a0 Drivers/STM32H7xx_HAL_Driver/Src/stm32h7xx_hal_tim.o
                0x0000000008009550                HAL_TIM_ConfigClockSource
 .text.TIM_Base_SetConfig
                0x00000000080096f0      0x134 Drivers/STM32H7xx_HAL_Driver/Src/stm32h7xx_hal_tim.o
                0x00000000080096f0                TIM_Base_SetConfig
 .text.TIM_TI1_ConfigInputStage
                0x0000000008009824       0x5e Drivers/STM32H7xx_HAL_Driver/Src/stm32h7xx_hal_tim.o
 .text.TIM_TI2_ConfigInputStage
                0x0000000008009882       0x60 Drivers/STM32H7xx_HAL_Driver/Src/stm32h7xx_hal_tim.o
 *fill*         0x00000000080098e2        0x2 
 .text.TIM_ITRx_SetConfig
                0x00000000080098e4       0x3c Drivers/STM32H7xx_HAL_Driver/Src/stm32h7xx_hal_tim.o
 .text.TIM_ETR_SetConfig
                0x0000000008009920       0x40 Drivers/STM32H7xx_HAL_Driver/Src/stm32h7xx_hal_tim.o
                0x0000000008009920                TIM_ETR_SetConfig
 .text.HAL_TIMEx_MasterConfigSynchronization
                0x0000000008009960      0x110 Drivers/STM32H7xx_HAL_Driver/Src/stm32h7xx_hal_tim_ex.o
                0x0000000008009960                HAL_TIMEx_MasterConfigSynchronization
 .text.HAL_UART_Init
                0x0000000008009a70       0xa0 Drivers/STM32H7xx_HAL_Driver/Src/stm32h7xx_hal_uart.o
                0x0000000008009a70                HAL_UART_Init
 .text.UART_SetConfig
                0x0000000008009b10      0xb60 Drivers/STM32H7xx_HAL_Driver/Src/stm32h7xx_hal_uart.o
                0x0000000008009b10                UART_SetConfig
 .text.UART_AdvFeatureConfig
                0x000000000800a670      0x144 Drivers/STM32H7xx_HAL_Driver/Src/stm32h7xx_hal_uart.o
                0x000000000800a670                UART_AdvFeatureConfig
 .text.UART_CheckIdleState
                0x000000000800a7b4       0x90 Drivers/STM32H7xx_HAL_Driver/Src/stm32h7xx_hal_uart.o
                0x000000000800a7b4                UART_CheckIdleState
 .text.UART_WaitOnFlagUntilTimeout
                0x000000000800a844      0x100 Drivers/STM32H7xx_HAL_Driver/Src/stm32h7xx_hal_uart.o
                0x000000000800a844                UART_WaitOnFlagUntilTimeout
 .text.HAL_UARTEx_DisableFifoMode
                0x000000000800a944       0x72 Drivers/STM32H7xx_HAL_Driver/Src/stm32h7xx_hal_uart_ex.o
                0x000000000800a944                HAL_UARTEx_DisableFifoMode
 .text.HAL_UARTEx_SetTxFifoThreshold
                0x000000000800a9b6       0x7c Drivers/STM32H7xx_HAL_Driver/Src/stm32h7xx_hal_uart_ex.o
                0x000000000800a9b6                HAL_UARTEx_SetTxFifoThreshold
 .text.HAL_UARTEx_SetRxFifoThreshold
                0x000000000800aa32       0x7c Drivers/STM32H7xx_HAL_Driver/Src/stm32h7xx_hal_uart_ex.o
                0x000000000800aa32                HAL_UARTEx_SetRxFifoThreshold
 *fill*         0x000000000800aaae        0x2 
 .text.UARTEx_SetNbDataToProcess
                0x000000000800aab0       0xd0 Drivers/STM32H7xx_HAL_Driver/Src/stm32h7xx_hal_uart_ex.o
 .text.__libc_init_array
                0x000000000800ab80       0x48 c:/st/stm32cubeide_1.4.0/stm32cubeide/plugins/com.st.stm32cube.ide.mcu.externaltools.gnu-tools-for-stm32.7-2018-q2-update.win32_1.4.0.202007081208/tools/bin/../lib/gcc/arm-none-eabi/7.3.1/../../../../arm-none-eabi/lib/thumb/v7e-m/fpv5/hard\libc_nano.a(lib_a-init.o)
                0x000000000800ab80                __libc_init_array
 .text.memset   0x000000000800abc8       0x10 c:/st/stm32cubeide_1.4.0/stm32cubeide/plugins/com.st.stm32cube.ide.mcu.externaltools.gnu-tools-for-stm32.7-2018-q2-update.win32_1.4.0.202007081208/tools/bin/../lib/gcc/arm-none-eabi/7.3.1/../../../../arm-none-eabi/lib/thumb/v7e-m/fpv5/hard\libc_nano.a(lib_a-memset.o)
                0x000000000800abc8                memset
 *(.glue_7)
 .glue_7        0x000000000800abd8        0x0 linker stubs
 *(.glue_7t)
 .glue_7t       0x000000000800abd8        0x0 linker stubs
 *(.eh_frame)
 .eh_frame      0x000000000800abd8        0x0 c:/st/stm32cubeide_1.4.0/stm32cubeide/plugins/com.st.stm32cube.ide.mcu.externaltools.gnu-tools-for-stm32.7-2018-q2-update.win32_1.4.0.202007081208/tools/bin/../lib/gcc/arm-none-eabi/7.3.1/thumb/v7e-m/fpv5/hard/crtbegin.o
 *(.init)
 .init          0x000000000800abd8        0x4 c:/st/stm32cubeide_1.4.0/stm32cubeide/plugins/com.st.stm32cube.ide.mcu.externaltools.gnu-tools-for-stm32.7-2018-q2-update.win32_1.4.0.202007081208/tools/bin/../lib/gcc/arm-none-eabi/7.3.1/thumb/v7e-m/fpv5/hard/crti.o
                0x000000000800abd8                _init
 .init          0x000000000800abdc        0x8 c:/st/stm32cubeide_1.4.0/stm32cubeide/plugins/com.st.stm32cube.ide.mcu.externaltools.gnu-tools-for-stm32.7-2018-q2-update.win32_1.4.0.202007081208/tools/bin/../lib/gcc/arm-none-eabi/7.3.1/thumb/v7e-m/fpv5/hard/crtn.o
 *(.fini)
 .fini          0x000000000800abe4        0x4 c:/st/stm32cubeide_1.4.0/stm32cubeide/plugins/com.st.stm32cube.ide.mcu.externaltools.gnu-tools-for-stm32.7-2018-q2-update.win32_1.4.0.202007081208/tools/bin/../lib/gcc/arm-none-eabi/7.3.1/thumb/v7e-m/fpv5/hard/crti.o
                0x000000000800abe4                _fini
 .fini          0x000000000800abe8        0x8 c:/st/stm32cubeide_1.4.0/stm32cubeide/plugins/com.st.stm32cube.ide.mcu.externaltools.gnu-tools-for-stm32.7-2018-q2-update.win32_1.4.0.202007081208/tools/bin/../lib/gcc/arm-none-eabi/7.3.1/thumb/v7e-m/fpv5/hard/crtn.o
                0x000000000800abf0                . = ALIGN (0x4)
                0x000000000800abf0                _etext = .

.vfp11_veneer   0x000000000800abf0        0x0
 .vfp11_veneer  0x000000000800abf0        0x0 linker stubs

.v4_bx          0x000000000800abf0        0x0
 .v4_bx         0x000000000800abf0        0x0 linker stubs

.iplt           0x000000000800abf0        0x0
 .iplt          0x000000000800abf0        0x0 c:/st/stm32cubeide_1.4.0/stm32cubeide/plugins/com.st.stm32cube.ide.mcu.externaltools.gnu-tools-for-stm32.7-2018-q2-update.win32_1.4.0.202007081208/tools/bin/../lib/gcc/arm-none-eabi/7.3.1/thumb/v7e-m/fpv5/hard/crtbegin.o

.rodata         0x000000000800abf0       0x9c
                0x000000000800abf0                . = ALIGN (0x4)
 *(.rodata)
 .rodata        0x000000000800abf0       0x10 Drivers/STM32H7xx_HAL_Driver/Src/stm32h7xx_hal_uart_ex.o
 *(.rodata*)
 .rodata.D1CorePrescTable
                0x000000000800ac00       0x10 Core/Src/system_stm32h7xx.o
                0x000000000800ac00                D1CorePrescTable
 .rodata.OV7670_reg
                0x000000000800ac10       0x5a Drivers/OV7670/OV7670.o
                0x000000000800ac10                OV7670_reg
 *fill*         0x000000000800ac6a        0x2 
 .rodata.flagBitshiftOffset.10966
                0x000000000800ac6c        0x8 Drivers/STM32H7xx_HAL_Driver/Src/stm32h7xx_hal_dma.o
 .rodata.UARTPrescTable
                0x000000000800ac74       0x18 Drivers/STM32H7xx_HAL_Driver/Src/stm32h7xx_hal_uart.o
                0x000000000800ac74                UARTPrescTable
                0x000000000800ac8c                . = ALIGN (0x4)

.ARM.extab      0x000000000800ac8c        0x0
                0x000000000800ac8c                . = ALIGN (0x4)
 *(.ARM.extab* .gnu.linkonce.armextab.*)
                0x000000000800ac8c                . = ALIGN (0x4)

.ARM            0x000000000800ac8c        0x8
                0x000000000800ac8c                . = ALIGN (0x4)
                0x000000000800ac8c                __exidx_start = .
 *(.ARM.exidx*)
 .ARM.exidx     0x000000000800ac8c        0x8 c:/st/stm32cubeide_1.4.0/stm32cubeide/plugins/com.st.stm32cube.ide.mcu.externaltools.gnu-tools-for-stm32.7-2018-q2-update.win32_1.4.0.202007081208/tools/bin/../lib/gcc/arm-none-eabi/7.3.1/thumb/v7e-m/fpv5/hard\libgcc.a(_udivmoddi4.o)
                0x000000000800ac94                __exidx_end = .
                0x000000000800ac94                . = ALIGN (0x4)

.rel.dyn        0x000000000800ac94        0x0
 .rel.iplt      0x000000000800ac94        0x0 c:/st/stm32cubeide_1.4.0/stm32cubeide/plugins/com.st.stm32cube.ide.mcu.externaltools.gnu-tools-for-stm32.7-2018-q2-update.win32_1.4.0.202007081208/tools/bin/../lib/gcc/arm-none-eabi/7.3.1/thumb/v7e-m/fpv5/hard/crtbegin.o

.preinit_array  0x000000000800ac94        0x0
                0x000000000800ac94                . = ALIGN (0x4)
                0x000000000800ac94                PROVIDE (__preinit_array_start = .)
 *(.preinit_array*)
                0x000000000800ac94                PROVIDE (__preinit_array_end = .)
                0x000000000800ac94                . = ALIGN (0x4)

.init_array     0x000000000800ac94        0x4
                0x000000000800ac94                . = ALIGN (0x4)
                0x000000000800ac94                PROVIDE (__init_array_start = .)
 *(SORT_BY_NAME(.init_array.*))
 *(.init_array*)
 .init_array    0x000000000800ac94        0x4 c:/st/stm32cubeide_1.4.0/stm32cubeide/plugins/com.st.stm32cube.ide.mcu.externaltools.gnu-tools-for-stm32.7-2018-q2-update.win32_1.4.0.202007081208/tools/bin/../lib/gcc/arm-none-eabi/7.3.1/thumb/v7e-m/fpv5/hard/crtbegin.o
                0x000000000800ac98                PROVIDE (__init_array_end = .)
                0x000000000800ac98                . = ALIGN (0x4)

.fini_array     0x000000000800ac98        0x4
                0x000000000800ac98                . = ALIGN (0x4)
                [!provide]                        PROVIDE (__fini_array_start = .)
 *(SORT_BY_NAME(.fini_array.*))
 *(.fini_array*)
 .fini_array    0x000000000800ac98        0x4 c:/st/stm32cubeide_1.4.0/stm32cubeide/plugins/com.st.stm32cube.ide.mcu.externaltools.gnu-tools-for-stm32.7-2018-q2-update.win32_1.4.0.202007081208/tools/bin/../lib/gcc/arm-none-eabi/7.3.1/thumb/v7e-m/fpv5/hard/crtbegin.o
                [!provide]                        PROVIDE (__fini_array_end = .)
                0x000000000800ac9c                . = ALIGN (0x4)
                0x000000000800ac9c                _sidata = LOADADDR (.data)

.data           0x0000000024000000       0x14 load address 0x000000000800ac9c
                0x0000000024000000                . = ALIGN (0x4)
                0x0000000024000000                _sdata = .
 *(.data)
 *(.data*)
 .data.SystemCoreClock
                0x0000000024000000        0x4 Core/Src/system_stm32h7xx.o
                0x0000000024000000                SystemCoreClock
 .data.SystemD2Clock
                0x0000000024000004        0x4 Core/Src/system_stm32h7xx.o
                0x0000000024000004                SystemD2Clock
 .data.LCD_HEIGHT
                0x0000000024000008        0x2 Drivers/ILI9341_Serial/ILI9341.o
                0x0000000024000008                LCD_HEIGHT
 .data.LCD_WIDTH
                0x000000002400000a        0x2 Drivers/ILI9341_Serial/ILI9341.o
                0x000000002400000a                LCD_WIDTH
 .data.uwTickPrio
                0x000000002400000c        0x4 Drivers/STM32H7xx_HAL_Driver/Src/stm32h7xx_hal.o
                0x000000002400000c                uwTickPrio
 .data.uwTickFreq
                0x0000000024000010        0x1 Drivers/STM32H7xx_HAL_Driver/Src/stm32h7xx_hal.o
                0x0000000024000010                uwTickFreq
                0x0000000024000014                . = ALIGN (0x4)
 *fill*         0x0000000024000011        0x3 
                0x0000000024000014                _edata = .

.igot.plt       0x0000000024000014        0x0 load address 0x000000000800acb0
 .igot.plt      0x0000000024000014        0x0 c:/st/stm32cubeide_1.4.0/stm32cubeide/plugins/com.st.stm32cube.ide.mcu.externaltools.gnu-tools-for-stm32.7-2018-q2-update.win32_1.4.0.202007081208/tools/bin/../lib/gcc/arm-none-eabi/7.3.1/thumb/v7e-m/fpv5/hard/crtbegin.o
                0x0000000024000014                . = ALIGN (0x4)

.bss            0x0000000024000014    0x25ac4 load address 0x000000000800acb0
                0x0000000024000014                _sbss = .
                0x0000000024000014                __bss_start__ = _sbss
 *(.bss)
 .bss           0x0000000024000014       0x1c c:/st/stm32cubeide_1.4.0/stm32cubeide/plugins/com.st.stm32cube.ide.mcu.externaltools.gnu-tools-for-stm32.7-2018-q2-update.win32_1.4.0.202007081208/tools/bin/../lib/gcc/arm-none-eabi/7.3.1/thumb/v7e-m/fpv5/hard/crtbegin.o
 *(.bss*)
 .bss.frame_buffer
                0x0000000024000030    0x25800 Core/Src/main.o
                0x0000000024000030                frame_buffer
 .bss.new_capture
                0x0000000024025830        0x1 Core/Src/main.o
                0x0000000024025830                new_capture
 *fill*         0x0000000024025831        0x3 
 .bss.sp_hdcmi  0x0000000024025834        0x4 Drivers/OV7670/OV7670.o
 .bss.sp_hdma_dcmi
                0x0000000024025838        0x4 Drivers/OV7670/OV7670.o
 .bss.sp_hi2c   0x000000002402583c        0x4 Drivers/OV7670/OV7670.o
 .bss.s_destAddressForContiuousMode
                0x0000000024025840        0x4 Drivers/OV7670/OV7670.o
 .bss.s_cbHsync
                0x0000000024025844        0x4 Drivers/OV7670/OV7670.o
 .bss.s_cbVsync
                0x0000000024025848        0x4 Drivers/OV7670/OV7670.o
 .bss.s_cbFrame
                0x000000002402584c        0x4 Drivers/OV7670/OV7670.o
 .bss.s_currentH
                0x0000000024025850        0x4 Drivers/OV7670/OV7670.o
 .bss.s_currentV
                0x0000000024025854        0x4 Drivers/OV7670/OV7670.o
 .bss.capture   0x0000000024025858        0x1 Drivers/OV7670/OV7670.o
 *(COMMON)
 *fill*         0x0000000024025859        0x3 
 COMMON         0x000000002402585c      0x274 Core/Src/main.o
                0x000000002402585c                huart3
                0x00000000240258e8                hi2c1
                0x0000000024025934                hdma_dcmi
                0x00000000240259ac                hdcmi
                0x00000000240259fc                hspi1
                0x0000000024025a84                htim2
 COMMON         0x0000000024025ad0        0x4 Drivers/ILI9341_Serial/ILI9341.o
                0x0000000024025ad0                sp_hspi
 COMMON         0x0000000024025ad4        0x4 Drivers/STM32H7xx_HAL_Driver/Src/stm32h7xx_hal.o
                0x0000000024025ad4                uwTick
                0x0000000024025ad8                . = ALIGN (0x4)
                0x0000000024025ad8                _ebss = .
                0x0000000024025ad8                __bss_end__ = _ebss

._user_heap_stack
                0x0000000024025ad8      0x600 load address 0x000000000800acb0
                0x0000000024025ad8                . = ALIGN (0x8)
                [!provide]                        PROVIDE (end = .)
                0x0000000024025ad8                PROVIDE (_end = .)
                0x0000000024025cd8                . = (. + _Min_Heap_Size)
 *fill*         0x0000000024025ad8      0x200 
                0x00000000240260d8                . = (. + _Min_Stack_Size)
 *fill*         0x0000000024025cd8      0x400 
                0x00000000240260d8                . = ALIGN (0x8)

/DISCARD/
 libc.a(*)
 libm.a(*)
 libgcc.a(*)

.ARM.attributes
                0x0000000000000000       0x2e
 *(.ARM.attributes)
 .ARM.attributes
                0x0000000000000000       0x20 c:/st/stm32cubeide_1.4.0/stm32cubeide/plugins/com.st.stm32cube.ide.mcu.externaltools.gnu-tools-for-stm32.7-2018-q2-update.win32_1.4.0.202007081208/tools/bin/../lib/gcc/arm-none-eabi/7.3.1/thumb/v7e-m/fpv5/hard/crti.o
 .ARM.attributes
                0x0000000000000020       0x32 c:/st/stm32cubeide_1.4.0/stm32cubeide/plugins/com.st.stm32cube.ide.mcu.externaltools.gnu-tools-for-stm32.7-2018-q2-update.win32_1.4.0.202007081208/tools/bin/../lib/gcc/arm-none-eabi/7.3.1/thumb/v7e-m/fpv5/hard/crtbegin.o
 .ARM.attributes
                0x0000000000000052       0x37 Core/Src/main.o
 .ARM.attributes
                0x0000000000000089       0x37 Core/Src/stm32h7xx_hal_msp.o
 .ARM.attributes
                0x00000000000000c0       0x37 Core/Src/stm32h7xx_it.o
 .ARM.attributes
                0x00000000000000f7       0x37 Core/Src/system_stm32h7xx.o
 .ARM.attributes
                0x000000000000012e       0x21 Core/Startup/startup_stm32h743zitx.o
 .ARM.attributes
                0x000000000000014f       0x37 Drivers/ILI9341_Serial/ILI9341.o
 .ARM.attributes
                0x0000000000000186       0x37 Drivers/ILI9341_Serial/ILI9341_GFX.o
 .ARM.attributes
                0x00000000000001bd       0x37 Drivers/OV7670/OV7670.o
 .ARM.attributes
                0x00000000000001f4       0x37 Drivers/STM32H7xx_HAL_Driver/Src/stm32h7xx_hal.o
 .ARM.attributes
                0x000000000000022b       0x37 Drivers/STM32H7xx_HAL_Driver/Src/stm32h7xx_hal_cortex.o
 .ARM.attributes
                0x0000000000000262       0x37 Drivers/STM32H7xx_HAL_Driver/Src/stm32h7xx_hal_dcmi.o
 .ARM.attributes
                0x0000000000000299       0x37 Drivers/STM32H7xx_HAL_Driver/Src/stm32h7xx_hal_dma.o
 .ARM.attributes
                0x00000000000002d0       0x37 Drivers/STM32H7xx_HAL_Driver/Src/stm32h7xx_hal_dma_ex.o
 .ARM.attributes
                0x0000000000000307       0x37 Drivers/STM32H7xx_HAL_Driver/Src/stm32h7xx_hal_gpio.o
 .ARM.attributes
                0x000000000000033e       0x37 Drivers/STM32H7xx_HAL_Driver/Src/stm32h7xx_hal_i2c.o
 .ARM.attributes
                0x0000000000000375       0x37 Drivers/STM32H7xx_HAL_Driver/Src/stm32h7xx_hal_i2c_ex.o
 .ARM.attributes
                0x00000000000003ac       0x37 Drivers/STM32H7xx_HAL_Driver/Src/stm32h7xx_hal_pwr_ex.o
 .ARM.attributes
                0x00000000000003e3       0x37 Drivers/STM32H7xx_HAL_Driver/Src/stm32h7xx_hal_rcc.o
 .ARM.attributes
                0x000000000000041a       0x37 Drivers/STM32H7xx_HAL_Driver/Src/stm32h7xx_hal_rcc_ex.o
 .ARM.attributes
                0x0000000000000451       0x37 Drivers/STM32H7xx_HAL_Driver/Src/stm32h7xx_hal_spi.o
 .ARM.attributes
                0x0000000000000488       0x37 Drivers/STM32H7xx_HAL_Driver/Src/stm32h7xx_hal_tim.o
 .ARM.attributes
                0x00000000000004bf       0x37 Drivers/STM32H7xx_HAL_Driver/Src/stm32h7xx_hal_tim_ex.o
 .ARM.attributes
                0x00000000000004f6       0x37 Drivers/STM32H7xx_HAL_Driver/Src/stm32h7xx_hal_uart.o
 .ARM.attributes
                0x000000000000052d       0x37 Drivers/STM32H7xx_HAL_Driver/Src/stm32h7xx_hal_uart_ex.o
 .ARM.attributes
                0x0000000000000564       0x32 c:/st/stm32cubeide_1.4.0/stm32cubeide/plugins/com.st.stm32cube.ide.mcu.externaltools.gnu-tools-for-stm32.7-2018-q2-update.win32_1.4.0.202007081208/tools/bin/../lib/gcc/arm-none-eabi/7.3.1/../../../../arm-none-eabi/lib/thumb/v7e-m/fpv5/hard\libc_nano.a(lib_a-init.o)
 .ARM.attributes
                0x0000000000000596       0x32 c:/st/stm32cubeide_1.4.0/stm32cubeide/plugins/com.st.stm32cube.ide.mcu.externaltools.gnu-tools-for-stm32.7-2018-q2-update.win32_1.4.0.202007081208/tools/bin/../lib/gcc/arm-none-eabi/7.3.1/../../../../arm-none-eabi/lib/thumb/v7e-m/fpv5/hard\libc_nano.a(lib_a-memset.o)
 .ARM.attributes
                0x00000000000005c8       0x20 c:/st/stm32cubeide_1.4.0/stm32cubeide/plugins/com.st.stm32cube.ide.mcu.externaltools.gnu-tools-for-stm32.7-2018-q2-update.win32_1.4.0.202007081208/tools/bin/../lib/gcc/arm-none-eabi/7.3.1/thumb/v7e-m/fpv5/hard\libgcc.a(_aeabi_uldivmod.o)
 .ARM.attributes
                0x00000000000005e8       0x32 c:/st/stm32cubeide_1.4.0/stm32cubeide/plugins/com.st.stm32cube.ide.mcu.externaltools.gnu-tools-for-stm32.7-2018-q2-update.win32_1.4.0.202007081208/tools/bin/../lib/gcc/arm-none-eabi/7.3.1/thumb/v7e-m/fpv5/hard\libgcc.a(_udivmoddi4.o)
 .ARM.attributes
                0x000000000000061a       0x20 c:/st/stm32cubeide_1.4.0/stm32cubeide/plugins/com.st.stm32cube.ide.mcu.externaltools.gnu-tools-for-stm32.7-2018-q2-update.win32_1.4.0.202007081208/tools/bin/../lib/gcc/arm-none-eabi/7.3.1/thumb/v7e-m/fpv5/hard\libgcc.a(_dvmd_tls.o)
 .ARM.attributes
                0x000000000000063a       0x20 c:/st/stm32cubeide_1.4.0/stm32cubeide/plugins/com.st.stm32cube.ide.mcu.externaltools.gnu-tools-for-stm32.7-2018-q2-update.win32_1.4.0.202007081208/tools/bin/../lib/gcc/arm-none-eabi/7.3.1/thumb/v7e-m/fpv5/hard/crtn.o
OUTPUT(nucleo-h743-camera-interface.elf elf32-littlearm)

.debug_info     0x0000000000000000    0x28885
 .debug_info    0x0000000000000000     0x2f16 Core/Src/main.o
 .debug_info    0x0000000000002f16     0x28a2 Core/Src/stm32h7xx_hal_msp.o
 .debug_info    0x00000000000057b8     0x10cb Core/Src/stm32h7xx_it.o
 .debug_info    0x0000000000006883     0x161d Core/Src/system_stm32h7xx.o
 .debug_info    0x0000000000007ea0       0x22 Core/Startup/startup_stm32h743zitx.o
 .debug_info    0x0000000000007ec2     0x15f9 Drivers/ILI9341_Serial/ILI9341.o
 .debug_info    0x00000000000094bb     0x1870 Drivers/ILI9341_Serial/ILI9341_GFX.o
 .debug_info    0x000000000000ad2b     0x166f Drivers/OV7670/OV7670.o
 .debug_info    0x000000000000c39a     0x1e3c Drivers/STM32H7xx_HAL_Driver/Src/stm32h7xx_hal.o
 .debug_info    0x000000000000e1d6     0x1ab0 Drivers/STM32H7xx_HAL_Driver/Src/stm32h7xx_hal_cortex.o
 .debug_info    0x000000000000fc86     0x153d Drivers/STM32H7xx_HAL_Driver/Src/stm32h7xx_hal_dcmi.o
 .debug_info    0x00000000000111c3     0x15f3 Drivers/STM32H7xx_HAL_Driver/Src/stm32h7xx_hal_dma.o
 .debug_info    0x00000000000127b6     0x1222 Drivers/STM32H7xx_HAL_Driver/Src/stm32h7xx_hal_dma_ex.o
 .debug_info    0x00000000000139d8     0x1666 Drivers/STM32H7xx_HAL_Driver/Src/stm32h7xx_hal_gpio.o
 .debug_info    0x000000000001503e     0x2ab5 Drivers/STM32H7xx_HAL_Driver/Src/stm32h7xx_hal_i2c.o
 .debug_info    0x0000000000017af3     0x173a Drivers/STM32H7xx_HAL_Driver/Src/stm32h7xx_hal_i2c_ex.o
 .debug_info    0x000000000001922d     0x1951 Drivers/STM32H7xx_HAL_Driver/Src/stm32h7xx_hal_pwr_ex.o
 .debug_info    0x000000000001ab7e     0x17c7 Drivers/STM32H7xx_HAL_Driver/Src/stm32h7xx_hal_rcc.o
 .debug_info    0x000000000001c345     0x1b37 Drivers/STM32H7xx_HAL_Driver/Src/stm32h7xx_hal_rcc_ex.o
 .debug_info    0x000000000001de7c     0x1dc6 Drivers/STM32H7xx_HAL_Driver/Src/stm32h7xx_hal_spi.o
 .debug_info    0x000000000001fc42     0x334d Drivers/STM32H7xx_HAL_Driver/Src/stm32h7xx_hal_tim.o
 .debug_info    0x0000000000022f8f     0x1fa3 Drivers/STM32H7xx_HAL_Driver/Src/stm32h7xx_hal_tim_ex.o
 .debug_info    0x0000000000024f32     0x24aa Drivers/STM32H7xx_HAL_Driver/Src/stm32h7xx_hal_uart.o
 .debug_info    0x00000000000273dc     0x14a9 Drivers/STM32H7xx_HAL_Driver/Src/stm32h7xx_hal_uart_ex.o

.debug_abbrev   0x0000000000000000     0x3d3e
 .debug_abbrev  0x0000000000000000      0x2ec Core/Src/main.o
 .debug_abbrev  0x00000000000002ec      0x289 Core/Src/stm32h7xx_hal_msp.o
 .debug_abbrev  0x0000000000000575      0x1d6 Core/Src/stm32h7xx_it.o
 .debug_abbrev  0x000000000000074b      0x22e Core/Src/system_stm32h7xx.o
 .debug_abbrev  0x0000000000000979       0x12 Core/Startup/startup_stm32h743zitx.o
 .debug_abbrev  0x000000000000098b      0x2ae Drivers/ILI9341_Serial/ILI9341.o
 .debug_abbrev  0x0000000000000c39      0x290 Drivers/ILI9341_Serial/ILI9341_GFX.o
 .debug_abbrev  0x0000000000000ec9      0x27b Drivers/OV7670/OV7670.o
 .debug_abbrev  0x0000000000001144      0x2d9 Drivers/STM32H7xx_HAL_Driver/Src/stm32h7xx_hal.o
 .debug_abbrev  0x000000000000141d      0x3b5 Drivers/STM32H7xx_HAL_Driver/Src/stm32h7xx_hal_cortex.o
 .debug_abbrev  0x00000000000017d2      0x28f Drivers/STM32H7xx_HAL_Driver/Src/stm32h7xx_hal_dcmi.o
 .debug_abbrev  0x0000000000001a61      0x289 Drivers/STM32H7xx_HAL_Driver/Src/stm32h7xx_hal_dma.o
 .debug_abbrev  0x0000000000001cea      0x266 Drivers/STM32H7xx_HAL_Driver/Src/stm32h7xx_hal_dma_ex.o
 .debug_abbrev  0x0000000000001f50      0x28f Drivers/STM32H7xx_HAL_Driver/Src/stm32h7xx_hal_gpio.o
 .debug_abbrev  0x00000000000021df      0x2ac Drivers/STM32H7xx_HAL_Driver/Src/stm32h7xx_hal_i2c.o
 .debug_abbrev  0x000000000000248b      0x266 Drivers/STM32H7xx_HAL_Driver/Src/stm32h7xx_hal_i2c_ex.o
 .debug_abbrev  0x00000000000026f1      0x311 Drivers/STM32H7xx_HAL_Driver/Src/stm32h7xx_hal_pwr_ex.o
 .debug_abbrev  0x0000000000002a02      0x2e2 Drivers/STM32H7xx_HAL_Driver/Src/stm32h7xx_hal_rcc.o
 .debug_abbrev  0x0000000000002ce4      0x2db Drivers/STM32H7xx_HAL_Driver/Src/stm32h7xx_hal_rcc_ex.o
 .debug_abbrev  0x0000000000002fbf      0x2d5 Drivers/STM32H7xx_HAL_Driver/Src/stm32h7xx_hal_spi.o
 .debug_abbrev  0x0000000000003294      0x2bd Drivers/STM32H7xx_HAL_Driver/Src/stm32h7xx_hal_tim.o
 .debug_abbrev  0x0000000000003551      0x2c3 Drivers/STM32H7xx_HAL_Driver/Src/stm32h7xx_hal_tim_ex.o
 .debug_abbrev  0x0000000000003814      0x2bb Drivers/STM32H7xx_HAL_Driver/Src/stm32h7xx_hal_uart.o
 .debug_abbrev  0x0000000000003acf      0x26f Drivers/STM32H7xx_HAL_Driver/Src/stm32h7xx_hal_uart_ex.o

.debug_aranges  0x0000000000000000     0x1758
 .debug_aranges
                0x0000000000000000       0x70 Core/Src/main.o
 .debug_aranges
                0x0000000000000070       0x70 Core/Src/stm32h7xx_hal_msp.o
 .debug_aranges
                0x00000000000000e0       0x70 Core/Src/stm32h7xx_it.o
 .debug_aranges
                0x0000000000000150       0x28 Core/Src/system_stm32h7xx.o
 .debug_aranges
                0x0000000000000178       0x28 Core/Startup/startup_stm32h743zitx.o
 .debug_aranges
                0x00000000000001a0       0x98 Drivers/ILI9341_Serial/ILI9341.o
 .debug_aranges
                0x0000000000000238       0x60 Drivers/ILI9341_Serial/ILI9341_GFX.o
 .debug_aranges
                0x0000000000000298       0x60 Drivers/OV7670/OV7670.o
 .debug_aranges
                0x00000000000002f8      0x1b8 Drivers/STM32H7xx_HAL_Driver/Src/stm32h7xx_hal.o
 .debug_aranges
                0x00000000000004b0      0x120 Drivers/STM32H7xx_HAL_Driver/Src/stm32h7xx_hal_cortex.o
 .debug_aranges
                0x00000000000005d0       0xc0 Drivers/STM32H7xx_HAL_Driver/Src/stm32h7xx_hal_dcmi.o
 .debug_aranges
                0x0000000000000690       0xa0 Drivers/STM32H7xx_HAL_Driver/Src/stm32h7xx_hal_dma.o
 .debug_aranges
                0x0000000000000730       0x60 Drivers/STM32H7xx_HAL_Driver/Src/stm32h7xx_hal_dma_ex.o
 .debug_aranges
                0x0000000000000790       0x58 Drivers/STM32H7xx_HAL_Driver/Src/stm32h7xx_hal_gpio.o
 .debug_aranges
                0x00000000000007e8      0x290 Drivers/STM32H7xx_HAL_Driver/Src/stm32h7xx_hal_i2c.o
 .debug_aranges
                0x0000000000000a78       0x48 Drivers/STM32H7xx_HAL_Driver/Src/stm32h7xx_hal_i2c_ex.o
 .debug_aranges
                0x0000000000000ac0      0x158 Drivers/STM32H7xx_HAL_Driver/Src/stm32h7xx_hal_pwr_ex.o
 .debug_aranges
                0x0000000000000c18       0x88 Drivers/STM32H7xx_HAL_Driver/Src/stm32h7xx_hal_rcc.o
 .debug_aranges
                0x0000000000000ca0       0xf8 Drivers/STM32H7xx_HAL_Driver/Src/stm32h7xx_hal_rcc_ex.o
 .debug_aranges
                0x0000000000000d98      0x1a0 Drivers/STM32H7xx_HAL_Driver/Src/stm32h7xx_hal_spi.o
 .debug_aranges
                0x0000000000000f38      0x3e0 Drivers/STM32H7xx_HAL_Driver/Src/stm32h7xx_hal_tim.o
 .debug_aranges
                0x0000000000001318      0x188 Drivers/STM32H7xx_HAL_Driver/Src/stm32h7xx_hal_tim_ex.o
 .debug_aranges
                0x00000000000014a0      0x230 Drivers/STM32H7xx_HAL_Driver/Src/stm32h7xx_hal_uart.o
 .debug_aranges
                0x00000000000016d0       0x88 Drivers/STM32H7xx_HAL_Driver/Src/stm32h7xx_hal_uart_ex.o

.debug_ranges   0x0000000000000000     0x15e0
 .debug_ranges  0x0000000000000000       0x60 Core/Src/main.o
 .debug_ranges  0x0000000000000060       0x60 Core/Src/stm32h7xx_hal_msp.o
 .debug_ranges  0x00000000000000c0       0x60 Core/Src/stm32h7xx_it.o
 .debug_ranges  0x0000000000000120       0x18 Core/Src/system_stm32h7xx.o
 .debug_ranges  0x0000000000000138       0x20 Core/Startup/startup_stm32h743zitx.o
 .debug_ranges  0x0000000000000158       0x88 Drivers/ILI9341_Serial/ILI9341.o
 .debug_ranges  0x00000000000001e0       0x50 Drivers/ILI9341_Serial/ILI9341_GFX.o
 .debug_ranges  0x0000000000000230       0x50 Drivers/OV7670/OV7670.o
 .debug_ranges  0x0000000000000280      0x1a8 Drivers/STM32H7xx_HAL_Driver/Src/stm32h7xx_hal.o
 .debug_ranges  0x0000000000000428      0x110 Drivers/STM32H7xx_HAL_Driver/Src/stm32h7xx_hal_cortex.o
 .debug_ranges  0x0000000000000538       0xb0 Drivers/STM32H7xx_HAL_Driver/Src/stm32h7xx_hal_dcmi.o
 .debug_ranges  0x00000000000005e8       0x90 Drivers/STM32H7xx_HAL_Driver/Src/stm32h7xx_hal_dma.o
 .debug_ranges  0x0000000000000678       0x50 Drivers/STM32H7xx_HAL_Driver/Src/stm32h7xx_hal_dma_ex.o
 .debug_ranges  0x00000000000006c8       0x48 Drivers/STM32H7xx_HAL_Driver/Src/stm32h7xx_hal_gpio.o
 .debug_ranges  0x0000000000000710      0x280 Drivers/STM32H7xx_HAL_Driver/Src/stm32h7xx_hal_i2c.o
 .debug_ranges  0x0000000000000990       0x38 Drivers/STM32H7xx_HAL_Driver/Src/stm32h7xx_hal_i2c_ex.o
 .debug_ranges  0x00000000000009c8      0x148 Drivers/STM32H7xx_HAL_Driver/Src/stm32h7xx_hal_pwr_ex.o
 .debug_ranges  0x0000000000000b10       0x78 Drivers/STM32H7xx_HAL_Driver/Src/stm32h7xx_hal_rcc.o
 .debug_ranges  0x0000000000000b88       0xe8 Drivers/STM32H7xx_HAL_Driver/Src/stm32h7xx_hal_rcc_ex.o
 .debug_ranges  0x0000000000000c70      0x190 Drivers/STM32H7xx_HAL_Driver/Src/stm32h7xx_hal_spi.o
 .debug_ranges  0x0000000000000e00      0x3d0 Drivers/STM32H7xx_HAL_Driver/Src/stm32h7xx_hal_tim.o
 .debug_ranges  0x00000000000011d0      0x178 Drivers/STM32H7xx_HAL_Driver/Src/stm32h7xx_hal_tim_ex.o
 .debug_ranges  0x0000000000001348      0x220 Drivers/STM32H7xx_HAL_Driver/Src/stm32h7xx_hal_uart.o
 .debug_ranges  0x0000000000001568       0x78 Drivers/STM32H7xx_HAL_Driver/Src/stm32h7xx_hal_uart_ex.o

.debug_macro    0x0000000000000000    0x384b6
 .debug_macro   0x0000000000000000      0x3e1 Core/Src/main.o
 .debug_macro   0x00000000000003e1      0x244 Core/Src/main.o
 .debug_macro   0x0000000000000625       0x2e Core/Src/main.o
 .debug_macro   0x0000000000000653       0x3b Core/Src/main.o
 .debug_macro   0x000000000000068e       0x22 Core/Src/main.o
 .debug_macro   0x00000000000006b0       0x8e Core/Src/main.o
 .debug_macro   0x000000000000073e       0x51 Core/Src/main.o
 .debug_macro   0x000000000000078f       0xef Core/Src/main.o
 .debug_macro   0x000000000000087e       0x6a Core/Src/main.o
 .debug_macro   0x00000000000008e8      0x1df Core/Src/main.o
 .debug_macro   0x0000000000000ac7       0x1c Core/Src/main.o
 .debug_macro   0x0000000000000ae3       0x22 Core/Src/main.o
 .debug_macro   0x0000000000000b05       0xdf Core/Src/main.o
 .debug_macro   0x0000000000000be4     0x12cd Core/Src/main.o
 .debug_macro   0x0000000000001eb1      0x11f Core/Src/main.o
 .debug_macro   0x0000000000001fd0       0x19 Core/Src/main.o
 .debug_macro   0x0000000000001fe9    0x2538b Core/Src/main.o
 .debug_macro   0x0000000000027374       0x43 Core/Src/main.o
 .debug_macro   0x00000000000273b7     0x3cd3 Core/Src/main.o
 .debug_macro   0x000000000002b08a      0x174 Core/Src/main.o
 .debug_macro   0x000000000002b1fe       0x46 Core/Src/main.o
 .debug_macro   0x000000000002b244       0x17 Core/Src/main.o
 .debug_macro   0x000000000002b25b       0x3c Core/Src/main.o
 .debug_macro   0x000000000002b297       0x34 Core/Src/main.o
 .debug_macro   0x000000000002b2cb       0x52 Core/Src/main.o
 .debug_macro   0x000000000002b31d       0x1f Core/Src/main.o
 .debug_macro   0x000000000002b33c       0x43 Core/Src/main.o
 .debug_macro   0x000000000002b37f       0x20 Core/Src/main.o
 .debug_macro   0x000000000002b39f      0x1a3 Core/Src/main.o
 .debug_macro   0x000000000002b542      0x32a Core/Src/main.o
 .debug_macro   0x000000000002b86c      0x1e1 Core/Src/main.o
 .debug_macro   0x000000000002ba4d       0x54 Core/Src/main.o
 .debug_macro   0x000000000002baa1     0x2382 Core/Src/main.o
 .debug_macro   0x000000000002de23     0x1009 Core/Src/main.o
 .debug_macro   0x000000000002ee2c      0x138 Core/Src/main.o
 .debug_macro   0x000000000002ef64      0x117 Core/Src/main.o
 .debug_macro   0x000000000002f07b      0x3b2 Core/Src/main.o
 .debug_macro   0x000000000002f42d       0x27 Core/Src/main.o
 .debug_macro   0x000000000002f454      0x72d Core/Src/main.o
 .debug_macro   0x000000000002fb81      0x229 Core/Src/main.o
 .debug_macro   0x000000000002fdaa       0x66 Core/Src/main.o
 .debug_macro   0x000000000002fe10      0x3bb Core/Src/main.o
 .debug_macro   0x00000000000301cb      0x22c Core/Src/main.o
 .debug_macro   0x00000000000303f7      0x3e5 Core/Src/main.o
 .debug_macro   0x00000000000307dc      0x275 Core/Src/main.o
 .debug_macro   0x0000000000030a51      0x3cb Core/Src/main.o
 .debug_macro   0x0000000000030e1c      0x41d Core/Src/main.o
 .debug_macro   0x0000000000031239       0x51 Core/Src/main.o
 .debug_macro   0x000000000003128a       0x4a Core/Src/main.o
 .debug_macro   0x00000000000312d4      0x22c Core/Src/main.o
 .debug_macro   0x0000000000031500       0x64 Core/Src/main.o
 .debug_macro   0x0000000000031564       0xa5 Core/Src/main.o
 .debug_macro   0x0000000000031609      0x1c5 Core/Src/main.o
 .debug_macro   0x00000000000317ce      0x25f Core/Src/main.o
 .debug_macro   0x0000000000031a2d       0x35 Core/Src/main.o
 .debug_macro   0x0000000000031a62      0x5dd Core/Src/main.o
 .debug_macro   0x000000000003203f       0x9e Core/Src/main.o
 .debug_macro   0x00000000000320dd      0xad7 Core/Src/main.o
 .debug_macro   0x0000000000032bb4      0x2a0 Core/Src/main.o
 .debug_macro   0x0000000000032e54      0x662 Core/Src/main.o
 .debug_macro   0x00000000000334b6       0xa6 Core/Src/main.o
 .debug_macro   0x000000000003355c      0x5a0 Core/Src/main.o
 .debug_macro   0x0000000000033afc       0x88 Core/Src/main.o
 .debug_macro   0x0000000000033b84       0x1c Core/Src/main.o
 .debug_macro   0x0000000000033ba0       0x35 Core/Src/main.o
 .debug_macro   0x0000000000033bd5       0x10 Core/Src/main.o
 .debug_macro   0x0000000000033be5       0x10 Core/Src/main.o
 .debug_macro   0x0000000000033bf5       0x1c Core/Src/main.o
 .debug_macro   0x0000000000033c11       0x52 Core/Src/main.o
 .debug_macro   0x0000000000033c63       0x40 Core/Src/main.o
 .debug_macro   0x0000000000033ca3       0x10 Core/Src/main.o
 .debug_macro   0x0000000000033cb3       0x40 Core/Src/main.o
 .debug_macro   0x0000000000033cf3       0xd7 Core/Src/main.o
 .debug_macro   0x0000000000033dca       0x1c Core/Src/main.o
 .debug_macro   0x0000000000033de6       0x3d Core/Src/main.o
 .debug_macro   0x0000000000033e23       0x16 Core/Src/main.o
 .debug_macro   0x0000000000033e39      0x145 Core/Src/main.o
 .debug_macro   0x0000000000033f7e       0x16 Core/Src/main.o
 .debug_macro   0x0000000000033f94       0x20 Core/Src/main.o
 .debug_macro   0x0000000000033fb4       0x34 Core/Src/main.o
 .debug_macro   0x0000000000033fe8       0xce Core/Src/main.o
 .debug_macro   0x00000000000340b6       0x16 Core/Src/main.o
 .debug_macro   0x00000000000340cc      0x2cd Core/Src/stm32h7xx_hal_msp.o
 .debug_macro   0x0000000000034399      0x2d7 Core/Src/stm32h7xx_it.o
 .debug_macro   0x0000000000034670      0x2c4 Core/Src/system_stm32h7xx.o
 .debug_macro   0x0000000000034934      0x2d6 Drivers/ILI9341_Serial/ILI9341.o
 .debug_macro   0x0000000000034c0a       0x8e Drivers/ILI9341_Serial/ILI9341.o
 .debug_macro   0x0000000000034c98       0xc8 Drivers/ILI9341_Serial/ILI9341.o
 .debug_macro   0x0000000000034d60      0x2e8 Drivers/ILI9341_Serial/ILI9341_GFX.o
 .debug_macro   0x0000000000035048       0x16 Drivers/ILI9341_Serial/ILI9341_GFX.o
 .debug_macro   0x000000000003505e      0x3a4 Drivers/OV7670/OV7670.o
 .debug_macro   0x0000000000035402       0x16 Drivers/OV7670/OV7670.o
 .debug_macro   0x0000000000035418       0x97 Drivers/OV7670/OV7670.o
 .debug_macro   0x00000000000354af       0xfd Drivers/OV7670/OV7670.o
 .debug_macro   0x00000000000355ac       0xd9 Drivers/OV7670/OV7670.o
 .debug_macro   0x0000000000035685       0x10 Drivers/OV7670/OV7670.o
 .debug_macro   0x0000000000035695      0x2e8 Drivers/STM32H7xx_HAL_Driver/Src/stm32h7xx_hal.o
 .debug_macro   0x000000000003597d      0x2be Drivers/STM32H7xx_HAL_Driver/Src/stm32h7xx_hal_cortex.o
 .debug_macro   0x0000000000035c3b      0x2c5 Drivers/STM32H7xx_HAL_Driver/Src/stm32h7xx_hal_dcmi.o
 .debug_macro   0x0000000000035f00      0x312 Drivers/STM32H7xx_HAL_Driver/Src/stm32h7xx_hal_dma.o
 .debug_macro   0x0000000000036212      0x2be Drivers/STM32H7xx_HAL_Driver/Src/stm32h7xx_hal_dma_ex.o
 .debug_macro   0x00000000000364d0      0x2fa Drivers/STM32H7xx_HAL_Driver/Src/stm32h7xx_hal_gpio.o
 .debug_macro   0x00000000000367ca      0x383 Drivers/STM32H7xx_HAL_Driver/Src/stm32h7xx_hal_i2c.o
 .debug_macro   0x0000000000036b4d      0x2be Drivers/STM32H7xx_HAL_Driver/Src/stm32h7xx_hal_i2c_ex.o
 .debug_macro   0x0000000000036e0b      0x2f7 Drivers/STM32H7xx_HAL_Driver/Src/stm32h7xx_hal_pwr_ex.o
 .debug_macro   0x0000000000037102      0x2e2 Drivers/STM32H7xx_HAL_Driver/Src/stm32h7xx_hal_rcc.o
 .debug_macro   0x00000000000373e4      0x2dc Drivers/STM32H7xx_HAL_Driver/Src/stm32h7xx_hal_rcc_ex.o
 .debug_macro   0x00000000000376c0      0x2c6 Drivers/STM32H7xx_HAL_Driver/Src/stm32h7xx_hal_spi.o
 .debug_macro   0x0000000000037986      0x2bf Drivers/STM32H7xx_HAL_Driver/Src/stm32h7xx_hal_tim.o
 .debug_macro   0x0000000000037c45      0x2be Drivers/STM32H7xx_HAL_Driver/Src/stm32h7xx_hal_tim_ex.o
 .debug_macro   0x0000000000037f03      0x2e9 Drivers/STM32H7xx_HAL_Driver/Src/stm32h7xx_hal_uart.o
 .debug_macro   0x00000000000381ec      0x2ca Drivers/STM32H7xx_HAL_Driver/Src/stm32h7xx_hal_uart_ex.o

.debug_line     0x0000000000000000    0x16522
 .debug_line    0x0000000000000000      0xb64 Core/Src/main.o
 .debug_line    0x0000000000000b64      0x9b0 Core/Src/stm32h7xx_hal_msp.o
 .debug_line    0x0000000000001514      0x959 Core/Src/stm32h7xx_it.o
 .debug_line    0x0000000000001e6d      0x8dc Core/Src/system_stm32h7xx.o
 .debug_line    0x0000000000002749       0x87 Core/Startup/startup_stm32h743zitx.o
 .debug_line    0x00000000000027d0      0xac6 Drivers/ILI9341_Serial/ILI9341.o
 .debug_line    0x0000000000003296      0xb72 Drivers/ILI9341_Serial/ILI9341_GFX.o
 .debug_line    0x0000000000003e08      0xa32 Drivers/OV7670/OV7670.o
 .debug_line    0x000000000000483a      0xc8e Drivers/STM32H7xx_HAL_Driver/Src/stm32h7xx_hal.o
 .debug_line    0x00000000000054c8      0xbcd Drivers/STM32H7xx_HAL_Driver/Src/stm32h7xx_hal_cortex.o
 .debug_line    0x0000000000006095      0xbe1 Drivers/STM32H7xx_HAL_Driver/Src/stm32h7xx_hal_dcmi.o
 .debug_line    0x0000000000006c76     0x1d01 Drivers/STM32H7xx_HAL_Driver/Src/stm32h7xx_hal_dma.o
 .debug_line    0x0000000000008977      0xefd Drivers/STM32H7xx_HAL_Driver/Src/stm32h7xx_hal_dma_ex.o
 .debug_line    0x0000000000009874      0xa88 Drivers/STM32H7xx_HAL_Driver/Src/stm32h7xx_hal_gpio.o
 .debug_line    0x000000000000a2fc     0x1f06 Drivers/STM32H7xx_HAL_Driver/Src/stm32h7xx_hal_i2c.o
 .debug_line    0x000000000000c202      0x9d5 Drivers/STM32H7xx_HAL_Driver/Src/stm32h7xx_hal_i2c_ex.o
 .debug_line    0x000000000000cbd7      0xc6a Drivers/STM32H7xx_HAL_Driver/Src/stm32h7xx_hal_pwr_ex.o
 .debug_line    0x000000000000d841      0xc70 Drivers/STM32H7xx_HAL_Driver/Src/stm32h7xx_hal_rcc.o
 .debug_line    0x000000000000e4b1      0xece Drivers/STM32H7xx_HAL_Driver/Src/stm32h7xx_hal_rcc_ex.o
 .debug_line    0x000000000000f37f     0x12f4 Drivers/STM32H7xx_HAL_Driver/Src/stm32h7xx_hal_spi.o
 .debug_line    0x0000000000010673     0x2797 Drivers/STM32H7xx_HAL_Driver/Src/stm32h7xx_hal_tim.o
 .debug_line    0x0000000000012e0a     0x15f3 Drivers/STM32H7xx_HAL_Driver/Src/stm32h7xx_hal_tim_ex.o
 .debug_line    0x00000000000143fd     0x1625 Drivers/STM32H7xx_HAL_Driver/Src/stm32h7xx_hal_uart.o
 .debug_line    0x0000000000015a22      0xb00 Drivers/STM32H7xx_HAL_Driver/Src/stm32h7xx_hal_uart_ex.o

.debug_str      0x0000000000000000   0x167d3a
 .debug_str     0x0000000000000000   0x16163a Core/Src/main.o
                                     0x161d9d (size before relaxing)
 .debug_str     0x000000000016163a      0x107 Core/Src/stm32h7xx_hal_msp.o
                                     0x16020d (size before relaxing)
 .debug_str     0x0000000000161741       0xd5 Core/Src/stm32h7xx_it.o
                                     0x15ecdc (size before relaxing)
 .debug_str     0x0000000000161816      0x332 Core/Src/system_stm32h7xx.o
                                     0x15ea31 (size before relaxing)
 .debug_str     0x0000000000161b48       0x36 Core/Startup/startup_stm32h743zitx.o
                                         0x9b (size before relaxing)
 .debug_str     0x0000000000161b7e      0x226 Drivers/ILI9341_Serial/ILI9341.o
                                     0x15f1a9 (size before relaxing)
 .debug_str     0x0000000000161da4      0x227 Drivers/ILI9341_Serial/ILI9341_GFX.o
                                     0x15f1cc (size before relaxing)
 .debug_str     0x0000000000161fcb      0x189 Drivers/OV7670/OV7670.o
                                     0x16033d (size before relaxing)
 .debug_str     0x0000000000162154      0x7c1 Drivers/STM32H7xx_HAL_Driver/Src/stm32h7xx_hal.o
                                     0x15f8be (size before relaxing)
 .debug_str     0x0000000000162915      0x3a1 Drivers/STM32H7xx_HAL_Driver/Src/stm32h7xx_hal_cortex.o
                                     0x15f349 (size before relaxing)
 .debug_str     0x0000000000162cb6      0x1ff Drivers/STM32H7xx_HAL_Driver/Src/stm32h7xx_hal_dcmi.o
                                     0x15ecc7 (size before relaxing)
 .debug_str     0x0000000000162eb5      0x876 Drivers/STM32H7xx_HAL_Driver/Src/stm32h7xx_hal_dma.o
                                     0x15f12a (size before relaxing)
 .debug_str     0x000000000016372b      0x24e Drivers/STM32H7xx_HAL_Driver/Src/stm32h7xx_hal_dma_ex.o
                                     0x15eadd (size before relaxing)
 .debug_str     0x0000000000163979      0x1ff Drivers/STM32H7xx_HAL_Driver/Src/stm32h7xx_hal_gpio.o
                                     0x15eacd (size before relaxing)
 .debug_str     0x0000000000163b78      0xd3c Drivers/STM32H7xx_HAL_Driver/Src/stm32h7xx_hal_i2c.o
                                     0x15f967 (size before relaxing)
 .debug_str     0x00000000001648b4       0xb8 Drivers/STM32H7xx_HAL_Driver/Src/stm32h7xx_hal_i2c_ex.o
                                     0x15ee08 (size before relaxing)
 .debug_str     0x000000000016496c      0x638 Drivers/STM32H7xx_HAL_Driver/Src/stm32h7xx_hal_pwr_ex.o
                                     0x15ee95 (size before relaxing)
 .debug_str     0x0000000000164fa4      0x26c Drivers/STM32H7xx_HAL_Driver/Src/stm32h7xx_hal_rcc.o
                                     0x15ed5c (size before relaxing)
 .debug_str     0x0000000000165210      0x653 Drivers/STM32H7xx_HAL_Driver/Src/stm32h7xx_hal_rcc_ex.o
                                     0x15f222 (size before relaxing)
 .debug_str     0x0000000000165863      0x4f8 Drivers/STM32H7xx_HAL_Driver/Src/stm32h7xx_hal_spi.o
                                     0x15f017 (size before relaxing)
 .debug_str     0x0000000000165d5b      0xdfc Drivers/STM32H7xx_HAL_Driver/Src/stm32h7xx_hal_tim.o
                                     0x15fa92 (size before relaxing)
 .debug_str     0x0000000000166b57      0x62d Drivers/STM32H7xx_HAL_Driver/Src/stm32h7xx_hal_tim_ex.o
                                     0x15f3a1 (size before relaxing)
 .debug_str     0x0000000000167184      0x92e Drivers/STM32H7xx_HAL_Driver/Src/stm32h7xx_hal_uart.o
                                     0x15f684 (size before relaxing)
 .debug_str     0x0000000000167ab2      0x288 Drivers/STM32H7xx_HAL_Driver/Src/stm32h7xx_hal_uart_ex.o
                                     0x15ecce (size before relaxing)

.comment        0x0000000000000000       0x7b
 .comment       0x0000000000000000       0x7b Core/Src/main.o
                                         0x7c (size before relaxing)
 .comment       0x000000000000007b       0x7c Core/Src/stm32h7xx_hal_msp.o
 .comment       0x000000000000007b       0x7c Core/Src/stm32h7xx_it.o
 .comment       0x000000000000007b       0x7c Core/Src/system_stm32h7xx.o
 .comment       0x000000000000007b       0x7c Drivers/ILI9341_Serial/ILI9341.o
 .comment       0x000000000000007b       0x7c Drivers/ILI9341_Serial/ILI9341_GFX.o
 .comment       0x000000000000007b       0x7c Drivers/OV7670/OV7670.o
 .comment       0x000000000000007b       0x7c Drivers/STM32H7xx_HAL_Driver/Src/stm32h7xx_hal.o
 .comment       0x000000000000007b       0x7c Drivers/STM32H7xx_HAL_Driver/Src/stm32h7xx_hal_cortex.o
 .comment       0x000000000000007b       0x7c Drivers/STM32H7xx_HAL_Driver/Src/stm32h7xx_hal_dcmi.o
 .comment       0x000000000000007b       0x7c Drivers/STM32H7xx_HAL_Driver/Src/stm32h7xx_hal_dma.o
 .comment       0x000000000000007b       0x7c Drivers/STM32H7xx_HAL_Driver/Src/stm32h7xx_hal_dma_ex.o
 .comment       0x000000000000007b       0x7c Drivers/STM32H7xx_HAL_Driver/Src/stm32h7xx_hal_gpio.o
 .comment       0x000000000000007b       0x7c Drivers/STM32H7xx_HAL_Driver/Src/stm32h7xx_hal_i2c.o
 .comment       0x000000000000007b       0x7c Drivers/STM32H7xx_HAL_Driver/Src/stm32h7xx_hal_i2c_ex.o
 .comment       0x000000000000007b       0x7c Drivers/STM32H7xx_HAL_Driver/Src/stm32h7xx_hal_pwr_ex.o
 .comment       0x000000000000007b       0x7c Drivers/STM32H7xx_HAL_Driver/Src/stm32h7xx_hal_rcc.o
 .comment       0x000000000000007b       0x7c Drivers/STM32H7xx_HAL_Driver/Src/stm32h7xx_hal_rcc_ex.o
 .comment       0x000000000000007b       0x7c Drivers/STM32H7xx_HAL_Driver/Src/stm32h7xx_hal_spi.o
 .comment       0x000000000000007b       0x7c Drivers/STM32H7xx_HAL_Driver/Src/stm32h7xx_hal_tim.o
 .comment       0x000000000000007b       0x7c Drivers/STM32H7xx_HAL_Driver/Src/stm32h7xx_hal_tim_ex.o
 .comment       0x000000000000007b       0x7c Drivers/STM32H7xx_HAL_Driver/Src/stm32h7xx_hal_uart.o
 .comment       0x000000000000007b       0x7c Drivers/STM32H7xx_HAL_Driver/Src/stm32h7xx_hal_uart_ex.o

.debug_frame    0x0000000000000000     0x63f4
 .debug_frame   0x0000000000000000      0x170 Core/Src/main.o
 .debug_frame   0x0000000000000170      0x1a8 Core/Src/stm32h7xx_hal_msp.o
 .debug_frame   0x0000000000000318      0x144 Core/Src/stm32h7xx_it.o
 .debug_frame   0x000000000000045c       0x58 Core/Src/system_stm32h7xx.o
 .debug_frame   0x00000000000004b4      0x258 Drivers/ILI9341_Serial/ILI9341.o
 .debug_frame   0x000000000000070c      0x174 Drivers/ILI9341_Serial/ILI9341_GFX.o
 .debug_frame   0x0000000000000880      0x150 Drivers/OV7670/OV7670.o
 .debug_frame   0x00000000000009d0      0x710 Drivers/STM32H7xx_HAL_Driver/Src/stm32h7xx_hal.o
 .debug_frame   0x00000000000010e0      0x4b8 Drivers/STM32H7xx_HAL_Driver/Src/stm32h7xx_hal_cortex.o
 .debug_frame   0x0000000000001598      0x340 Drivers/STM32H7xx_HAL_Driver/Src/stm32h7xx_hal_dcmi.o
 .debug_frame   0x00000000000018d8      0x2b4 Drivers/STM32H7xx_HAL_Driver/Src/stm32h7xx_hal_dma.o
 .debug_frame   0x0000000000001b8c      0x174 Drivers/STM32H7xx_HAL_Driver/Src/stm32h7xx_hal_dma_ex.o
 .debug_frame   0x0000000000001d00      0x14c Drivers/STM32H7xx_HAL_Driver/Src/stm32h7xx_hal_gpio.o
 .debug_frame   0x0000000000001e4c      0xbf0 Drivers/STM32H7xx_HAL_Driver/Src/stm32h7xx_hal_i2c.o
 .debug_frame   0x0000000000002a3c      0x100 Drivers/STM32H7xx_HAL_Driver/Src/stm32h7xx_hal_i2c_ex.o
 .debug_frame   0x0000000000002b3c      0x580 Drivers/STM32H7xx_HAL_Driver/Src/stm32h7xx_hal_pwr_ex.o
 .debug_frame   0x00000000000030bc      0x1f8 Drivers/STM32H7xx_HAL_Driver/Src/stm32h7xx_hal_rcc.o
 .debug_frame   0x00000000000032b4      0x3f4 Drivers/STM32H7xx_HAL_Driver/Src/stm32h7xx_hal_rcc_ex.o
 .debug_frame   0x00000000000036a8      0x778 Drivers/STM32H7xx_HAL_Driver/Src/stm32h7xx_hal_spi.o
 .debug_frame   0x0000000000003e20     0x1218 Drivers/STM32H7xx_HAL_Driver/Src/stm32h7xx_hal_tim.o
 .debug_frame   0x0000000000005038      0x6d8 Drivers/STM32H7xx_HAL_Driver/Src/stm32h7xx_hal_tim_ex.o
 .debug_frame   0x0000000000005710      0xa0c Drivers/STM32H7xx_HAL_Driver/Src/stm32h7xx_hal_uart.o
 .debug_frame   0x000000000000611c      0x22c Drivers/STM32H7xx_HAL_Driver/Src/stm32h7xx_hal_uart_ex.o
 .debug_frame   0x0000000000006348       0x2c c:/st/stm32cubeide_1.4.0/stm32cubeide/plugins/com.st.stm32cube.ide.mcu.externaltools.gnu-tools-for-stm32.7-2018-q2-update.win32_1.4.0.202007081208/tools/bin/../lib/gcc/arm-none-eabi/7.3.1/../../../../arm-none-eabi/lib/thumb/v7e-m/fpv5/hard\libc_nano.a(lib_a-init.o)
 .debug_frame   0x0000000000006374       0x20 c:/st/stm32cubeide_1.4.0/stm32cubeide/plugins/com.st.stm32cube.ide.mcu.externaltools.gnu-tools-for-stm32.7-2018-q2-update.win32_1.4.0.202007081208/tools/bin/../lib/gcc/arm-none-eabi/7.3.1/../../../../arm-none-eabi/lib/thumb/v7e-m/fpv5/hard\libc_nano.a(lib_a-memset.o)
 .debug_frame   0x0000000000006394       0x2c c:/st/stm32cubeide_1.4.0/stm32cubeide/plugins/com.st.stm32cube.ide.mcu.externaltools.gnu-tools-for-stm32.7-2018-q2-update.win32_1.4.0.202007081208/tools/bin/../lib/gcc/arm-none-eabi/7.3.1/thumb/v7e-m/fpv5/hard\libgcc.a(_aeabi_uldivmod.o)
 .debug_frame   0x00000000000063c0       0x34 c:/st/stm32cubeide_1.4.0/stm32cubeide/plugins/com.st.stm32cube.ide.mcu.externaltools.gnu-tools-for-stm32.7-2018-q2-update.win32_1.4.0.202007081208/tools/bin/../lib/gcc/arm-none-eabi/7.3.1/thumb/v7e-m/fpv5/hard\libgcc.a(_udivmoddi4.o)
